Archive member included to satisfy reference by file (symbol)

/n64_toolchain/lib/gcc/mips64-elf/14.2.0/../../../../mips64-elf/lib/libdragon.a(entrypoint.o)
                              (_start)
/n64_toolchain/lib/gcc/mips64-elf/14.2.0/../../../../mips64-elf/lib/libdragon.a(debug.o)
                              build/SuperSeq94.o (debug_init_usblog)
/n64_toolchain/lib/gcc/mips64-elf/14.2.0/../../../../mips64-elf/lib/libdragon.a(usb.o)
                              /n64_toolchain/lib/gcc/mips64-elf/14.2.0/../../../../mips64-elf/lib/libdragon.a(debug.o) (usb_write)
/n64_toolchain/lib/gcc/mips64-elf/14.2.0/../../../../mips64-elf/lib/libdragon.a(cart.o)
                              /n64_toolchain/lib/gcc/mips64-elf/14.2.0/../../../../mips64-elf/lib/libdragon.a(debug.o) (cart_init)
/n64_toolchain/lib/gcc/mips64-elf/14.2.0/../../../../mips64-elf/lib/libdragon.a(ff.o)
                              /n64_toolchain/lib/gcc/mips64-elf/14.2.0/../../../../mips64-elf/lib/libdragon.a(debug.o) (f_mount)
/n64_toolchain/lib/gcc/mips64-elf/14.2.0/../../../../mips64-elf/lib/libdragon.a(ffunicode.o)
                              /n64_toolchain/lib/gcc/mips64-elf/14.2.0/../../../../mips64-elf/lib/libdragon.a(ff.o) (ff_uni2oem)
/n64_toolchain/lib/gcc/mips64-elf/14.2.0/../../../../mips64-elf/lib/libdragon.a(fat.o)
                              /n64_toolchain/lib/gcc/mips64-elf/14.2.0/../../../../mips64-elf/lib/libdragon.a(ff.o) (disk_initialize)
/n64_toolchain/lib/gcc/mips64-elf/14.2.0/../../../../mips64-elf/lib/libdragon.a(dragonfs.o)
                              build/SuperSeq94.o (dfs_init)
/n64_toolchain/lib/gcc/mips64-elf/14.2.0/../../../../mips64-elf/lib/libdragon.a(audio.o)
                              build/SuperSeq94.o (audio_init)
/n64_toolchain/lib/gcc/mips64-elf/14.2.0/../../../../mips64-elf/lib/libdragon.a(display.o)
                              build/lib/ui/ui_menu.o (display_get)
/n64_toolchain/lib/gcc/mips64-elf/14.2.0/../../../../mips64-elf/lib/libdragon.a(surface.o)
                              /n64_toolchain/lib/gcc/mips64-elf/14.2.0/../../../../mips64-elf/lib/libdragon.a(display.o) (surface_alloc)
/n64_toolchain/lib/gcc/mips64-elf/14.2.0/../../../../mips64-elf/lib/libdragon.a(console.o)
                              build/SuperSeq94.o (console_init)
/n64_toolchain/lib/gcc/mips64-elf/14.2.0/../../../../mips64-elf/lib/libdragon.a(graphics.o)
                              /n64_toolchain/lib/gcc/mips64-elf/14.2.0/../../../../mips64-elf/lib/libdragon.a(console.o) (graphics_set_color)
/n64_toolchain/lib/gcc/mips64-elf/14.2.0/../../../../mips64-elf/lib/libdragon.a(rsp.o)
                              /n64_toolchain/lib/gcc/mips64-elf/14.2.0/../../../../mips64-elf/lib/libdragon.a(display.o) (__rsp_crash)
/n64_toolchain/lib/gcc/mips64-elf/14.2.0/../../../../mips64-elf/lib/libdragon.a(rsp_crash.o)
                              /n64_toolchain/lib/gcc/mips64-elf/14.2.0/../../../../mips64-elf/lib/libdragon.a(rsp.o) (rsp_crash_data_start)
/n64_toolchain/lib/gcc/mips64-elf/14.2.0/../../../../mips64-elf/lib/libdragon.a(inspector.o)
                              /n64_toolchain/lib/gcc/mips64-elf/14.2.0/../../../../mips64-elf/lib/libdragon.a(debug.o) (__inspector_assertion)
/n64_toolchain/lib/gcc/mips64-elf/14.2.0/../../../../mips64-elf/lib/libdragon.a(sprite.o)
                              /n64_toolchain/lib/gcc/mips64-elf/14.2.0/../../../../mips64-elf/lib/libdragon.a(graphics.o) (__sprite_upgrade)
/n64_toolchain/lib/gcc/mips64-elf/14.2.0/../../../../mips64-elf/lib/libdragon.a(dma.o)
                              /n64_toolchain/lib/gcc/mips64-elf/14.2.0/../../../../mips64-elf/lib/libdragon.a(debug.o) (io_accessible)
/n64_toolchain/lib/gcc/mips64-elf/14.2.0/../../../../mips64-elf/lib/libdragon.a(exception.o)
                              /n64_toolchain/lib/gcc/mips64-elf/14.2.0/../../../../mips64-elf/lib/libdragon.a(inspector.o) (__exception_dump_header)
/n64_toolchain/lib/gcc/mips64-elf/14.2.0/../../../../mips64-elf/lib/libdragon.a(do_ctors.o)
                              /n64_toolchain/lib/gcc/mips64-elf/14.2.0/../../../../mips64-elf/lib/libdragon.a(entrypoint.o) (__wrap___do_global_ctors)
/n64_toolchain/lib/gcc/mips64-elf/14.2.0/../../../../mips64-elf/lib/libdragon.a(dlfcn.o)
                              /n64_toolchain/lib/gcc/mips64-elf/14.2.0/../../../../mips64-elf/lib/libdragon.a(inspector.o) (__dl_list_head)
/n64_toolchain/lib/gcc/mips64-elf/14.2.0/../../../../mips64-elf/lib/libdragon.a(kernel.o)
                              /n64_toolchain/lib/gcc/mips64-elf/14.2.0/../../../../mips64-elf/lib/libdragon.a(inspector.o) (__kernel_all_threads)
/n64_toolchain/lib/gcc/mips64-elf/14.2.0/../../../../mips64-elf/lib/libdragon.a(kirq.o)
                              /n64_toolchain/lib/gcc/mips64-elf/14.2.0/../../../../mips64-elf/lib/libdragon.a(kernel.o) (__kirq_init)
/n64_toolchain/lib/gcc/mips64-elf/14.2.0/../../../../mips64-elf/lib/libdragon.a(mixer.o)
[...]
Memory Configuration

Name             Origin             Length             Attributes
*default*        0x00000000         0xffffffff

Linker script and memory map

LOAD /n64_toolchain/lib/gcc/mips64-elf/14.2.0/crti.o
LOAD /n64_toolchain/lib/gcc/mips64-elf/14.2.0/crtbegin.o
LOAD build/SuperSeq94.o
LOAD build/lib/ui/ui_menu.o
LOAD build/lib/ui/ui_elements.o
LOAD build/lib/input/input.o
LOAD build/lib/util/font_util.o
LOAD /n64_toolchain/lib/gcc/mips64-elf/14.2.0/../../../../mips64-elf/lib/libdragon.a
LOAD /n64_toolchain/lib/gcc/mips64-elf/14.2.0/../../../../mips64-elf/lib/libm.a
LOAD /n64_toolchain/lib/gcc/mips64-elf/14.2.0/../../../../mips64-elf/lib/libdragonsys.a

.intvectors     0x80000000      0x188
                0x80000000                        . = ALIGN (0x20)
 *(.intvectors)
 .intvectors    0x80000000      0x188 /n64_toolchain/lib/gcc/mips64-elf/14.2.0/../../../../mips64-elf/lib/libdragon.a(inthandler.o)
                0x80000188                        __intvectors_end = .

.text           0x80000400    0x30950
                0x80000400                        __text_start = .
 *(.boot)
 .boot          0x80000400       0x74 /n64_toolchain/lib/gcc/mips64-elf/14.2.0/../../../../mips64-elf/lib/libdragon.a(entrypoint.o)
                0x80000400                _start
                0x80000480                        . = ALIGN (0x10)
 *fill*         0x80000474        0xc 
 *(.text)
 .text          0x80000480      0x400 /n64_toolchain/lib/gcc/mips64-elf/14.2.0/../../../../mips64-elf/lib/libdragon.a(inthandler.o)
                0x80000480                inthandler
                0x80000880                inthandler_end
 .text          0x80000880       0x98 /n64_toolchain/lib/gcc/mips64-elf/14.2.0/../../../../mips64-elf/lib/libm.a(libm_a-sf_round.o)
                0x80000880                roundf
 .text          0x80000918      0xb00 /n64_toolchain/lib/gcc/mips64-elf/14.2.0/../../../../mips64-elf/lib/libc.a(libc_a-qsort.o)
                0x80000918                qsort
 .text          0x80001418     0x2a08 /n64_toolchain/lib/gcc/mips64-elf/14.2.0/../../../../mips64-elf/lib/libc.a(libc_a-vfprintf.o)
                0x80001418                _vfprintf_r
                0x80003d08                vfprintf
 .text          0x80003e20      0x11c /n64_toolchain/lib/gcc/mips64-elf/14.2.0/../../../../mips64-elf/lib/libc.a(libc_a-memset.o)
                0x80003e20                memset
 *fill*         0x80003f3c        0x4 
 .text          0x80003f40       0x10 /n64_toolchain/lib/gcc/mips64-elf/14.2.0/../../../../mips64-elf/lib/libc.a(libc_a-strdup.o)
                0x80003f40                strdup
 .text          0x80003f50      0x188 /n64_toolchain/lib/gcc/mips64-elf/14.2.0/../../../../mips64-elf/lib/libc.a(libc_a-strchr.o)
                0x80003f50                strchr
 .text          0x800040d8     0x2718 /n64_toolchain/lib/gcc/mips64-elf/14.2.0/../../../../mips64-elf/lib/libc.a(libc_a-svfprintf.o)
                0x800040d8                _svfprintf_r
 .text          0x800067f0      0xbb8 /n64_toolchain/lib/gcc/mips64-elf/14.2.0/../../../../mips64-elf/lib/libc.a(libc_a-strstr.o)
                0x800070a8                strstr
 .text          0x800073a8       0x30 /n64_toolchain/lib/gcc/mips64-elf/14.2.0/../../../../mips64-elf/lib/libc.a(libc_a-vprintf.o)
                0x800073a8                vprintf
                0x800073c0                _vprintf_r
 .text          0x800073d8      0x458 /n64_toolchain/lib/gcc/mips64-elf/14.2.0/../../../../mips64-elf/lib/libc.a(libc_a-fflush.o)
                0x800073d8                __sflush_r
                0x80007630                _fflush_r
                0x80007738                fflush
 .text          0x80007830      0x2f0 /n64_toolchain/lib/gcc/mips64-elf/14.2.0/../../../../mips64-elf/lib/libc.a(libc_a-setvbuf.o)
                0x80007830                setvbuf
 .text          0x80007b20       0x90 /n64_toolchain/lib/gcc/mips64-elf/14.2.0/../../../../mips64-elf/lib/libc.a(libc_a-stpcpy.o)
                0x80007b20                stpcpy
 .text          0x80007bb0      0x168 /n64_toolchain/lib/gcc/mips64-elf/14.2.0/../../../../mips64-elf/lib/libc.a(libc_a-memmove.o)
                0x80007bb0                memmove
 .text          0x80007d18       0x18 /n64_toolchain/lib/gcc/mips64-elf/14.2.0/../../../../mips64-elf/lib/libc.a(libc_a-calloc.o)
                0x80007d18                calloc
 .text          0x80007d30        0x8 /n64_toolchain/lib/gcc/mips64-elf/14.2.0/../../../../mips64-elf/lib/libc.a(libc_a-errno.o)
                0x80007d30                __errno
 .text          0x80007d38      0x240 /n64_toolchain/lib/gcc/mips64-elf/14.2.0/../../../../mips64-elf/lib/libc.a(libc_a-strcmp.o)
                0x80007d38                strcmp
 .text          0x80007f78       0x18 /n64_toolchain/lib/gcc/mips64-elf/14.2.0/../../../../mips64-elf/lib/libc.a(libc_a-abort.o)
                0x80007f78                abort
 .text          0x80007f90      0x120 /n64_toolchain/lib/gcc/mips64-elf/14.2.0/../../../../mips64-elf/lib/libc.a(libc_a-callocr.o)
                0x80007f90                _calloc_r
 .text          0x800080b0      0x190 /n64_toolchain/lib/gcc/mips64-elf/14.2.0/../../../../mips64-elf/lib/libc.a(libc_a-fputc.o)
                0x800080b0                _fputc_r
                0x80008178                fputc
 .text          0x80008240       0x18 /n64_toolchain/lib/gcc/mips64-elf/14.2.0/../../../../mips64-elf/lib/libc.a(libc_a-realloc.o)
                0x80008240                realloc
 .text          0x80008258       0x68 /n64_toolchain/lib/gcc/mips64-elf/14.2.0/../../../../mips64-elf/lib/libc.a(libc_a-strdup_r.o)
                0x80008258                _strdup_r
 .text          0x800082c0      0x8c8 /n64_toolchain/lib/gcc/mips64-elf/14.2.0/../../../../mips64-elf/lib/libc.a(libc_a-mallocr.o)
                0x800082c0                _malloc_r
 .text          0x80008b88       0x20 /n64_toolchain/lib/gcc/mips64-elf/14.2.0/../../../../mips64-elf/lib/libc.a(libc_a-putchar.o)
                0x80008b88                _putchar_r
                0x80008b90                putchar
 .text          0x80008ba8       0x98 /n64_toolchain/lib/gcc/mips64-elf/14.2.0/../../../../mips64-elf/lib/libc.a(libc_a-strcat.o)
                0x80008ba8                strcat
 .text          0x80008c40     0x1810 /n64_toolchain/lib/gcc/mips64-elf/14.2.0/../../../../mips64-elf/lib/libc.a(libc_a-dtoa.o)
                0x80008e90                _dtoa_r
 .text          0x8000a450      0x1e0 /n64_toolchain/lib/gcc/mips64-elf/14.2.0/../../../../mips64-elf/lib/libc.a(libc_a-wsetup.o)
                0x8000a450                __swsetup_r
 .text          0x8000a630      0x470 /n64_toolchain/lib/gcc/mips64-elf/14.2.0/../../../../mips64-elf/lib/libc.a(libc_a-freer.o)
                0x8000a630                _malloc_trim_r
                0x8000a770                _free_r
 .text          0x8000aaa0       0x80 /n64_toolchain/lib/gcc/mips64-elf/14.2.0/../../../../mips64-elf/lib/libc.a(libc_a-memcmp.o)
                0x8000aaa0                memcmp
 .text          0x8000ab20       0x70 /n64_toolchain/lib/gcc/mips64-elf/14.2.0/../../../../mips64-elf/lib/libc.a(libc_a-strrchr.o)
                0x8000ab20                strrchr
 .text          0x8000ab90      0x1c8 /n64_toolchain/lib/gcc/mips64-elf/14.2.0/../../../../mips64-elf/lib/libc.a(libc_a-snprintf.o)
                0x8000ab90                _snprintf_r
                0x8000ac70                snprintf
 .text          0x8000ad58       0xa8 /n64_toolchain/lib/gcc/mips64-elf/14.2.0/../../../../mips64-elf/lib/libc.a(libc_a-strcpy.o)
                0x8000ad58                strcpy
 .text          0x8000ae00       0x20 /n64_toolchain/lib/gcc/mips64-elf/14.2.0/../../../../mips64-elf/lib/libc.a(libc_a-malloc.o)
                0x8000ae00                malloc
                0x8000ae10                free
 .text          0x8000ae20      0x240 /n64_toolchain/lib/gcc/mips64-elf/14.2.0/../../../../mips64-elf/lib/libc.a(libc_a-putc.o)
                0x8000ae20                _putc_r
                0x8000af30                putc
 .text          0x8000b060      0x190 /n64_toolchain/lib/gcc/mips64-elf/14.2.0/../../../../mips64-elf/lib/libc.a(libc_a-stdio.o)
                0x8000b060                __sread
                0x8000b0b8                __seofread
                0x8000b0c0                __swrite
                0x8000b180                __sseek
                0x8000b1e8                __sclose
 .text          0x8000b1f0       0x68 /n64_toolchain/lib/gcc/mips64-elf/14.2.0/../../../../mips64-elf/lib/libc.a(libc_a-fprintf.o)
                0x8000b1f0                _fprintf_r
                0x8000b218                fprintf
 .text          0x8000b258       0x18 /n64_toolchain/lib/gcc/mips64-elf/14.2.0/../../../../mips64-elf/lib/libc.a(libc_a-strlen.o)
                0x8000b258                strlen
 .text          0x8000b270      0x1d0 /n64_toolchain/lib/gcc/mips64-elf/14.2.0/../../../../mips64-elf/lib/libc.a(libc_a-wbuf.o)
                0x8000b270                __swbuf_r
                0x8000b428                __swbuf
 .text          0x8000b440      0x600 /n64_toolchain/lib/gcc/mips64-elf/14.2.0/../../../../mips64-elf/lib/libc.a(libc_a-reallocr.o)
                0x8000b440                _realloc_r
 .text          0x8000ba40       0x60 /n64_toolchain/lib/gcc/mips64-elf/14.2.0/../../../../mips64-elf/lib/libc.a(libc_a-writer.o)
                0x8000ba40                _write_r
 .text          0x8000baa0      0x250 /n64_toolchain/lib/gcc/mips64-elf/14.2.0/../../../../mips64-elf/lib/libc.a(libc_a-fwrite.o)
                0x8000baa0                _fwrite_r
                0x8000bcc0                fwrite
 .text          0x8000bcf0       0x20 /n64_toolchain/lib/gcc/mips64-elf/14.2.0/../../../../mips64-elf/lib/libc.a(libc_a-mlock.o)
                0x8000bcf0                __malloc_lock
                0x8000bd00                __malloc_unlock
 .text          0x8000bd10      0x510 /n64_toolchain/lib/gcc/mips64-elf/14.2.0/../../../../mips64-elf/lib/libc.a(libc_a-findfp.o)
                0x8000bfa8                __sfp
                0x8000c118                __sinit
                0x8000c190                __sfp_lock_acquire
                0x8000c1a0                __sfp_lock_release
                0x8000c1b0                __fp_lock_all
                0x8000c1e8                __fp_unlock_all
 .text          0x8000c220      0x1a8 /n64_toolchain/lib/gcc/mips64-elf/14.2.0/../../../../mips64-elf/lib/libc.a(libc_a-puts.o)
                0x8000c220                _puts_r
                0x8000c3b8                puts
 .text          0x8000c3c8      0x508 /n64_toolchain/lib/gcc/mips64-elf/14.2.0/../../../../mips64-elf/lib/libc.a(libc_a-fvwrite.o)
                0x8000c3c8                __sfvwrite_r
 .text          0x8000c8d0       0xf0 /n64_toolchain/lib/gcc/mips64-elf/14.2.0/../../../../mips64-elf/lib/libc.a(libc_a-memchr.o)
                0x8000c8d0                memchr
 .text          0x8000c9c0       0xc8 /n64_toolchain/lib/gcc/mips64-elf/14.2.0/../../../../mips64-elf/lib/libc.a(libc_a-ssprint_r.o)
                0x8000c9c0                __ssprint_r
 .text          0x8000ca88      0x370 /n64_toolchain/lib/gcc/mips64-elf/14.2.0/../../../../mips64-elf/lib/libc.a(libc_a-memcpy.o)
                0x8000ca88                memcpy
 .text          0x8000cdf8       0xe0 /n64_toolchain/lib/gcc/mips64-elf/14.2.0/../../../../mips64-elf/lib/libc.a(libc_a-sprintf.o)
                0x8000cdf8                _sprintf_r
                0x8000ce60                sprintf
 .text          0x8000ced8       0x40 /n64_toolchain/lib/gcc/mips64-elf/14.2.0/../../../../mips64-elf/lib/libc.a(libc_a-strnlen.o)
                0x8000ced8                strnlen
 .text          0x8000cf18       0x78 /n64_toolchain/lib/gcc/mips64-elf/14.2.0/../../../../mips64-elf/lib/libc.a(libc_a-printf.o)
                0x8000cf18                _printf_r
                0x8000cf50                printf
 .text          0x8000cf90       0x50 /n64_toolchain/lib/gcc/mips64-elf/14.2.0/../../../../mips64-elf/lib/libc.a(libc_a-sbrkr.o)
                0x8000cf90                _sbrk_r
 .text          0x8000cfe0       0x50 /n64_toolchain/lib/gcc/mips64-elf/14.2.0/../../../../mips64-elf/lib/libc.a(libc_a-closer.o)
                0x8000cfe0                _close_r
 .text          0x8000d030       0x18 /n64_toolchain/lib/gcc/mips64-elf/14.2.0/../../../../mips64-elf/lib/libc.a(libc_a-malign.o)
                0x8000d030                memalign
 .text          0x8000d048      0x598 /n64_toolchain/lib/gcc/mips64-elf/14.2.0/../../../../mips64-elf/lib/libc.a(libc_a-signal.o)
                0x8000d048                _init_signal_r
                0x8000d0b0                _signal_r
                0x8000d160                _raise_r
                0x8000d218                __sigtramp_r
                0x8000d308                raise
                0x8000d3d0                signal
                0x8000d488                _init_signal
                0x8000d4f8                __sigtramp
 .text          0x8000d5e0       0x40 /n64_toolchain/lib/gcc/mips64-elf/14.2.0/../../../../mips64-elf/lib/libc.a(libc_a-sprint_r.o)
                0x8000d5e0                __sprint_r
 .text          0x8000d620     0x1480 /n64_toolchain/lib/gcc/mips64-elf/14.2.0/../../../../mips64-elf/lib/libc.a(libc_a-mprec.o)
                0x8000d620                _Balloc
                0x8000d6d0                _Bfree
                0x8000d700                __multadd
                0x8000d858                __s2b
                0x8000d9d8                __hi0bits
                0x8000da80                __lo0bits
                0x8000db98                __i2b
                0x8000dc70                __multiply
                0x8000def8                __pow5mult
                0x8000e060                __lshift
                0x8000e218                __mcmp
                0x8000e280                __mdiff
                0x8000e4f8                __ulp
                0x8000e5a8                __b2d
                0x8000e740                __d2b
                0x8000e898                __ratio
                0x8000e958                _mprec_log10
                0x8000e998                __copybits
                0x8000ea20                __any_on
 .text          0x8000eaa0       0xc0 /n64_toolchain/lib/gcc/mips64-elf/14.2.0/../../../../mips64-elf/lib/libc.a(libc_a-fwalk.o)
                0x8000eaa0                _fwalk_sglue
 .text          0x8000eb60       0x28 /n64_toolchain/lib/gcc/mips64-elf/14.2.0/../../../../mips64-elf/lib/libc.a(libc_a-localeconv.o)
                0x8000eb60                __localeconv_l
                0x8000eb68                _localeconv_r
                0x8000eb78                localeconv
 .text          0x8000eb88      0x230 /n64_toolchain/lib/gcc/mips64-elf/14.2.0/../../../../mips64-elf/lib/libc.a(libc_a-makebuf.o)
                0x8000eb88                __smakebuf_r
                0x8000ed08                __swhatbuf_r
 .text          0x8000edb8       0x60 /n64_toolchain/lib/gcc/mips64-elf/14.2.0/../../../../mips64-elf/lib/libc.a(libc_a-signalr.o)
                0x8000edb8                _kill_r
                0x8000ee10                _getpid_r
 .text          0x8000ee18       0x70 /n64_toolchain/lib/gcc/mips64-elf/14.2.0/../../../../mips64-elf/lib/libc.a(libc_a-mbtowc_r.o)
                0x8000ee18                _mbtowc_r
                0x8000ee28                __ascii_mbtowc
 .text          0x8000ee88      0x188 /n64_toolchain/lib/gcc/mips64-elf/14.2.0/../../../../mips64-elf/lib/libc.a(libc_a-ssputs_r.o)
                0x8000ee88                __ssputs_r
 .text          0x8000f010       0x60 /n64_toolchain/lib/gcc/mips64-elf/14.2.0/../../../../mips64-elf/lib/libc.a(libc_a-readr.o)
                0x8000f010                _read_r
 .text          0x8000f070      0x200 /n64_toolchain/lib/gcc/mips64-elf/14.2.0/../../../../mips64-elf/lib/libc.a(libc_a-malignr.o)
                0x8000f070                _memalign_r
 .text          0x8000f270      0x1b0 /n64_toolchain/lib/gcc/mips64-elf/14.2.0/../../../../mips64-elf/lib/libc.a(libc_a-fclose.o)
                0x8000f270                _fclose_r
                0x8000f410                fclose
 .text          0x8000f420       0x48 /n64_toolchain/lib/gcc/mips64-elf/14.2.0/../../../../mips64-elf/lib/libc.a(libc_a-wctomb_r.o)
                0x8000f420                _wctomb_r
                0x8000f430                __ascii_wctomb
 .text          0x8000f468       0x60 /n64_toolchain/lib/gcc/mips64-elf/14.2.0/../../../../mips64-elf/lib/libc.a(libc_a-lseekr.o)
                0x8000f468                _lseek_r
 .text          0x8000f4c8       0x58 /n64_toolchain/lib/gcc/mips64-elf/14.2.0/../../../../mips64-elf/lib/libc.a(libc_a-fstatr.o)
                0x8000f4c8                _fstat_r
 .text          0x8000f520       0x50 /n64_toolchain/lib/gcc/mips64-elf/14.2.0/../../../../mips64-elf/lib/libc.a(libc_a-isattyr.o)
                0x8000f520                _isatty_r
 .text          0x8000f570     0x1de8 /n64_toolchain/lib/gcc/mips64-elf/14.2.0/libgcc.a(unwind-dw2-fde.o)
                0x80010e90                __register_frame_info_bases
                0x80010ed8                __register_frame_info
                0x80010f20                __register_frame
                0x80010f90                __register_frame_info_table_bases
                0x80010fc0                __register_frame_info_table
                0x80010ff0                __register_frame_table
                0x80011048                __deregister_frame_info_bases
                0x80011130                __deregister_frame_info
                0x80011138                __deregister_frame
                0x80011170                _Unwind_Find_FDE
 *(.text.*)
 *fill*         0x80011358        0x8 
 .text.main_init
                0x80011360       0xa0 build/SuperSeq94.o
                0x80011360                main_init
 .text.startup.main
                0x80011400       0x60 build/SuperSeq94.o
                0x80011400                main
 .text.menu_update
                0x80011460      0x180 build/lib/ui/ui_menu.o
                0x80011460                menu_update
 .text.menu_render_text_element
                0x800115e0       0xa0 build/lib/ui/ui_menu.o
                0x800115e0                menu_render_text_element
 .text.menu_render_rectangle
                0x80011680       0x80 build/lib/ui/ui_menu.o
                0x80011680                menu_render_rectangle
 .text.menu_render_selection_grid_cell
                0x80011700      0x200 build/lib/ui/ui_menu.o
                0x80011700                menu_render_selection_grid_cell
 .text.menu_defocus_section
                0x80011900       0x80 build/lib/ui/ui_menu.o
                0x80011900                menu_defocus_section
 .text.menu_render_section
                0x80011980      0x1a0 build/lib/ui/ui_menu.o
                0x80011980                menu_render_section
 .text.menu_render
                0x80011b20      0x160 build/lib/ui/ui_menu.o
                0x80011b20                menu_render
 .text.menu_init
                0x80011c80      0x1a0 build/lib/ui/ui_menu.o
                0x80011c80                menu_init
 .text.selection_grid
                0x80011e20      0x100 build/lib/ui/ui_elements.o
                0x80011e20                selection_grid
 .text.selection_grid_cells_init
                0x80011f20      0x280 build/lib/ui/ui_elements.o
                0x80011f20                selection_grid_cells_init
 .text.selection_grid_add_int_input_to_cell_by_index
                0x800121a0      0x1e0 build/lib/ui/ui_elements.o
                0x800121a0                selection_grid_add_int_input_to_cell_by_index
 .text.selection_grid_cell_update
                0x80012380       0xa0 build/lib/ui/ui_elements.o
                0x80012380                selection_grid_cell_update
 .text.selection_grid_update
                0x80012420      0x3e0 build/lib/ui/ui_elements.o
                0x80012420                selection_grid_update
 .text.input_update
                0x80012800       0x40 build/lib/input/input.o
                0x80012800                input_update
 .text.input_direction_pressed
                0x80012840       0x80 build/lib/input/input.o
                0x80012840                input_direction_pressed
 .text.input_buttons_pressed
                0x800128c0       0x20 build/lib/input/input.o
                0x800128c0                input_buttons_pressed
 .text.fonts_init
                0x800128e0       0x80 build/lib/util/font_util.o
                0x800128e0                fonts_init
 .text.__stderr_write
                0x80012960       0x80 /n64_toolchain/lib/gcc/mips64-elf/14.2.0/../../../../mips64-elf/lib/libdragon.a(debug.o)
 .text.usblog_write
                0x800129e0       0x20 /n64_toolchain/lib/gcc/mips64-elf/14.2.0/../../../../mips64-elf/lib/libdragon.a(debug.o)
 .text.isviewer_write
                0x80012a00       0xe0 /n64_toolchain/lib/gcc/mips64-elf/14.2.0/../../../../mips64-elf/lib/libdragon.a(debug.o)
 .text.cb.0     0x80012ae0       0xa0 /n64_toolchain/lib/gcc/mips64-elf/14.2.0/../../../../mips64-elf/lib/libdragon.a(debug.o)
 .text.debug_init_usblog
                0x80012b80       0xe0 /n64_toolchain/lib/gcc/mips64-elf/14.2.0/../../../../mips64-elf/lib/libdragon.a(debug.o)
                0x80012b80                debug_init_usblog
 .text.debug_init_isviewer
                0x80012c60       0xe0 /n64_toolchain/lib/gcc/mips64-elf/14.2.0/../../../../mips64-elf/lib/libdragon.a(debug.o)
                0x80012c60                debug_init_isviewer
 .text.debug_assert_func_f
                0x80012d40       0xe0 /n64_toolchain/lib/gcc/mips64-elf/14.2.0/../../../../mips64-elf/lib/libdragon.a(debug.o)
                0x80012d40                debug_assert_func_f
 .text.debug_assert_func
                0x80012e20       0x20 /n64_toolchain/lib/gcc/mips64-elf/14.2.0/../../../../mips64-elf/lib/libdragon.a(debug.o)
                0x80012e20                debug_assert_func
 .text.debug_hexdump
                0x80012e40      0x280 /n64_toolchain/lib/gcc/mips64-elf/14.2.0/../../../../mips64-elf/lib/libdragon.a(debug.o)
                0x80012e40                debug_hexdump
 .text.__debug_backtrace
                0x800130c0      0x120 /n64_toolchain/lib/gcc/mips64-elf/14.2.0/../../../../mips64-elf/lib/libdragon.a(debug.o)
                0x800130c0                __debug_backtrace
 .text.debug_backtrace
                0x800131e0       0x20 /n64_toolchain/lib/gcc/mips64-elf/14.2.0/../../../../mips64-elf/lib/libdragon.a(debug.o)
                0x800131e0                debug_backtrace
 .text.usb_64drive_read
                0x80013200       0x60 /n64_toolchain/lib/gcc/mips64-elf/14.2.0/../../../../mips64-elf/lib/libdragon.a(usb.o)
 .text.usb_everdrive_read
                0x80013260       0x20 /n64_toolchain/lib/gcc/mips64-elf/14.2.0/../../../../mips64-elf/lib/libdragon.a(usb.o)
 .text.usb_sc64_read
                0x80013280       0x20 /n64_toolchain/lib/gcc/mips64-elf/14.2.0/../../../../mips64-elf/lib/libdragon.a(usb.o)
 .text.usb_64drive_poll
                0x800132a0      0x220 /n64_toolchain/lib/gcc/mips64-elf/14.2.0/../../../../mips64-elf/lib/libdragon.a(usb.o)
 .text.usb_everdrive_usbbusy
                0x800134c0       0xe0 /n64_toolchain/lib/gcc/mips64-elf/14.2.0/../../../../mips64-elf/lib/libdragon.a(usb.o)
 .text.usb_everdrive_readusb
                0x800135a0       0xc0 /n64_toolchain/lib/gcc/mips64-elf/14.2.0/../../../../mips64-elf/lib/libdragon.a(usb.o)
 .text.usb_everdrive_poll
                0x80013660      0x220 /n64_toolchain/lib/gcc/mips64-elf/14.2.0/../../../../mips64-elf/lib/libdragon.a(usb.o)
 .text.usb_everdrive_write
                0x80013880      0x220 /n64_toolchain/lib/gcc/mips64-elf/14.2.0/../../../../mips64-elf/lib/libdragon.a(usb.o)
 .text.usb_sc64_poll
                0x80013aa0      0x160 /n64_toolchain/lib/gcc/mips64-elf/14.2.0/../../../../mips64-elf/lib/libdragon.a(usb.o)
 .text.usb_write
                0x80013c00       0x40 /n64_toolchain/lib/gcc/mips64-elf/14.2.0/../../../../mips64-elf/lib/libdragon.a(usb.o)
                0x80013c00                usb_write
 .text.usb_sendheartbeat
                0x80013c40       0x60 /n64_toolchain/lib/gcc/mips64-elf/14.2.0/../../../../mips64-elf/lib/libdragon.a(usb.o)
                0x80013c40                usb_sendheartbeat
 .text.usb_initialize
                0x80013ca0      0x1e0 /n64_toolchain/lib/gcc/mips64-elf/14.2.0/../../../../mips64-elf/lib/libdragon.a(usb.o)
                0x80013ca0                usb_initialize
 .text.usb_64drive_wait
                0x80013e80       0xc0 /n64_toolchain/lib/gcc/mips64-elf/14.2.0/../../../../mips64-elf/lib/libdragon.a(usb.o)
                0x80013e80                usb_64drive_wait
 .text.usb_64drive_write
                0x80013f40      0x260 /n64_toolchain/lib/gcc/mips64-elf/14.2.0/../../../../mips64-elf/lib/libdragon.a(usb.o)
 .text.usb_sc64_execute_cmd
                0x800141a0       0xc0 /n64_toolchain/lib/gcc/mips64-elf/14.2.0/../../../../mips64-elf/lib/libdragon.a(usb.o)
                0x800141a0                usb_sc64_execute_cmd
 .text.usb_sc64_write
                0x80014260      0x300 /n64_toolchain/lib/gcc/mips64-elf/14.2.0/../../../../mips64-elf/lib/libdragon.a(usb.o)
 .text.get_next_token
                0x80014560       0xc0 /n64_toolchain/lib/gcc/mips64-elf/14.2.0/../../../../mips64-elf/lib/libdragon.a(dragonfs.o)
 .text.__fstat  0x80014620       0x40 /n64_toolchain/lib/gcc/mips64-elf/14.2.0/../../../../mips64-elf/lib/libdragon.a(dragonfs.o)
 .text.lookup_file
                0x80014660      0x260 /n64_toolchain/lib/gcc/mips64-elf/14.2.0/../../../../mips64-elf/lib/libdragon.a(dragonfs.o)
 .text.__close  0x800148c0       0x40 /n64_toolchain/lib/gcc/mips64-elf/14.2.0/../../../../mips64-elf/lib/libdragon.a(dragonfs.o)
 .text.__ioctl  0x80014900       0x60 /n64_toolchain/lib/gcc/mips64-elf/14.2.0/../../../../mips64-elf/lib/libdragon.a(dragonfs.o)
 .text.recurse_path
                0x80014960      0x3e0 /n64_toolchain/lib/gcc/mips64-elf/14.2.0/../../../../mips64-elf/lib/libdragon.a(dragonfs.o)
 .text.__findnext
                0x80014d40      0x100 /n64_toolchain/lib/gcc/mips64-elf/14.2.0/../../../../mips64-elf/lib/libdragon.a(dragonfs.o)
 .text.__dfs_findfirst
                0x80014e40       0xe0 /n64_toolchain/lib/gcc/mips64-elf/14.2.0/../../../../mips64-elf/lib/libdragon.a(dragonfs.o)
 .text.__findfirst
                0x80014f20       0x60 /n64_toolchain/lib/gcc/mips64-elf/14.2.0/../../../../mips64-elf/lib/libdragon.a(dragonfs.o)
 .text.__lseek  0x80014f80       0xa0 /n64_toolchain/lib/gcc/mips64-elf/14.2.0/../../../../mips64-elf/lib/libdragon.a(dragonfs.o)
 .text.dfs_open
                0x80015020      0x1a0 /n64_toolchain/lib/gcc/mips64-elf/14.2.0/../../../../mips64-elf/lib/libdragon.a(dragonfs.o)
                0x80015020                dfs_open
 .text.__open   0x800151c0       0xc0 /n64_toolchain/lib/gcc/mips64-elf/14.2.0/../../../../mips64-elf/lib/libdragon.a(dragonfs.o)
 .text.dfs_read
                0x80015280      0x1a0 /n64_toolchain/lib/gcc/mips64-elf/14.2.0/../../../../mips64-elf/lib/libdragon.a(dragonfs.o)
                0x80015280                dfs_read
 .text.__read   0x80015420       0x20 /n64_toolchain/lib/gcc/mips64-elf/14.2.0/../../../../mips64-elf/lib/libdragon.a(dragonfs.o)
 .text.dfs_init
                0x80015440      0x220 /n64_toolchain/lib/gcc/mips64-elf/14.2.0/../../../../mips64-elf/lib/libdragon.a(dragonfs.o)
                0x80015440                dfs_init
 .text.audio_callback.part.0
                0x80015660      0x1e0 /n64_toolchain/lib/gcc/mips64-elf/14.2.0/../../../../mips64-elf/lib/libdragon.a(audio.o)
 .text.audio_callback
                0x80015840       0x60 /n64_toolchain/lib/gcc/mips64-elf/14.2.0/../../../../mips64-elf/lib/libdragon.a(audio.o)
 .text.audio_init
                0x800158a0      0x200 /n64_toolchain/lib/gcc/mips64-elf/14.2.0/../../../../mips64-elf/lib/libdragon.a(audio.o)
                0x800158a0                audio_init
 .text.audio_get_frequency
                0x80015aa0       0x20 /n64_toolchain/lib/gcc/mips64-elf/14.2.0/../../../../mips64-elf/lib/libdragon.a(audio.o)
                0x80015aa0                audio_get_frequency
 .text.__display_callback
                0x80015ac0      0x2e0 /n64_toolchain/lib/gcc/mips64-elf/14.2.0/../../../../mips64-elf/lib/libdragon.a(display.o)
 .text.display_init
                0x80015da0      0x700 /n64_toolchain/lib/gcc/mips64-elf/14.2.0/../../../../mips64-elf/lib/libdragon.a(display.o)
                0x80015da0                display_init
 .text.display_close
                0x800164a0      0x120 /n64_toolchain/lib/gcc/mips64-elf/14.2.0/../../../../mips64-elf/lib/libdragon.a(display.o)
                0x800164a0                display_close
 .text.display_try_get
                0x800165c0       0xc0 /n64_toolchain/lib/gcc/mips64-elf/14.2.0/../../../../mips64-elf/lib/libdragon.a(display.o)
                0x800165c0                display_try_get
 .text.display_get
                0x80016680      0x140 /n64_toolchain/lib/gcc/mips64-elf/14.2.0/../../../../mips64-elf/lib/libdragon.a(display.o)
                0x80016680                display_get
 .text.display_show
                0x800167c0      0x160 /n64_toolchain/lib/gcc/mips64-elf/14.2.0/../../../../mips64-elf/lib/libdragon.a(display.o)
                0x800167c0                display_show
 .text.display_get_bitdepth
                0x80016920       0x20 /n64_toolchain/lib/gcc/mips64-elf/14.2.0/../../../../mips64-elf/lib/libdragon.a(display.o)
                0x80016920                display_get_bitdepth
 .text.tex_format_name
                0x80016940       0x40 /n64_toolchain/lib/gcc/mips64-elf/14.2.0/../../../../mips64-elf/lib/libdragon.a(surface.o)
                0x80016940                tex_format_name
 .text.surface_alloc
                0x80016980       0xe0 /n64_toolchain/lib/gcc/mips64-elf/14.2.0/../../../../mips64-elf/lib/libdragon.a(surface.o)
                0x80016980                surface_alloc
 .text.surface_free
                0x80016a60       0x80 /n64_toolchain/lib/gcc/mips64-elf/14.2.0/../../../../mips64-elf/lib/libdragon.a(surface.o)
                0x80016a60                surface_free
 .text.__console_render.part.0
                0x80016ae0      0x100 /n64_toolchain/lib/gcc/mips64-elf/14.2.0/../../../../mips64-elf/lib/libdragon.a(console.o)
 .text.__console_write
                0x80016be0      0x320 /n64_toolchain/lib/gcc/mips64-elf/14.2.0/../../../../mips64-elf/lib/libdragon.a(console.o)
 .text.console_set_render_mode
                0x80016f00       0x20 /n64_toolchain/lib/gcc/mips64-elf/14.2.0/../../../../mips64-elf/lib/libdragon.a(console.o)
                0x80016f00                console_set_render_mode
 .text.console_init
                0x80016f20       0xe0 /n64_toolchain/lib/gcc/mips64-elf/14.2.0/../../../../mips64-elf/lib/libdragon.a(console.o)
                0x80016f20                console_init
 .text.console_render
                0x80017000       0x40 /n64_toolchain/lib/gcc/mips64-elf/14.2.0/../../../../mips64-elf/lib/libdragon.a(console.o)
                0x80017000                console_render
 .text.console_set_debug
                0x80017040       0x20 /n64_toolchain/lib/gcc/mips64-elf/14.2.0/../../../../mips64-elf/lib/libdragon.a(console.o)
                0x80017040                console_set_debug
 .text.graphics_draw_character.part.0
                0x80017060      0x4e0 /n64_toolchain/lib/gcc/mips64-elf/14.2.0/../../../../mips64-elf/lib/libdragon.a(graphics.o)
 .text.graphics_set_color
                0x80017540       0x20 /n64_toolchain/lib/gcc/mips64-elf/14.2.0/../../../../mips64-elf/lib/libdragon.a(graphics.o)
                0x80017540                graphics_set_color
 .text.graphics_draw_box
                0x80017560      0x120 /n64_toolchain/lib/gcc/mips64-elf/14.2.0/../../../../mips64-elf/lib/libdragon.a(graphics.o)
                0x80017560                graphics_draw_box
 .text.graphics_fill_screen
                0x80017680       0x80 /n64_toolchain/lib/gcc/mips64-elf/14.2.0/../../../../mips64-elf/lib/libdragon.a(graphics.o)
                0x80017680                graphics_fill_screen
 .text.graphics_set_default_font
                0x80017700       0x20 /n64_toolchain/lib/gcc/mips64-elf/14.2.0/../../../../mips64-elf/lib/libdragon.a(graphics.o)
                0x80017700                graphics_set_default_font
 .text.graphics_draw_character
                0x80017720       0x20 /n64_toolchain/lib/gcc/mips64-elf/14.2.0/../../../../mips64-elf/lib/libdragon.a(graphics.o)
                0x80017720                graphics_draw_character
 .text.graphics_draw_text
                0x80017740      0x120 /n64_toolchain/lib/gcc/mips64-elf/14.2.0/../../../../mips64-elf/lib/libdragon.a(graphics.o)
                0x80017740                graphics_draw_text
 .text.rsp_load_code
                0x80017860      0x100 /n64_toolchain/lib/gcc/mips64-elf/14.2.0/../../../../mips64-elf/lib/libdragon.a(rsp.o)
                0x80017860                rsp_load_code
 .text.rsp_load_data
                0x80017960       0xe0 /n64_toolchain/lib/gcc/mips64-elf/14.2.0/../../../../mips64-elf/lib/libdragon.a(rsp.o)
                0x80017960                rsp_load_data
 .text.rsp_load
                0x80017a40       0x60 /n64_toolchain/lib/gcc/mips64-elf/14.2.0/../../../../mips64-elf/lib/libdragon.a(rsp.o)
                0x80017a40                rsp_load
 .text.rsp_read_code
                0x80017aa0       0xe0 /n64_toolchain/lib/gcc/mips64-elf/14.2.0/../../../../mips64-elf/lib/libdragon.a(rsp.o)
                0x80017aa0                rsp_read_code
 .text.rsp_read_data
                0x80017b80       0xe0 /n64_toolchain/lib/gcc/mips64-elf/14.2.0/../../../../mips64-elf/lib/libdragon.a(rsp.o)
                0x80017b80                rsp_read_data
 .text.__rsp_run_async
                0x80017c60       0x40 /n64_toolchain/lib/gcc/mips64-elf/14.2.0/../../../../mips64-elf/lib/libdragon.a(rsp.o)
                0x80017c60                __rsp_run_async
 .text.__rsp_crash
                0x80017ca0      0xc40 /n64_toolchain/lib/gcc/mips64-elf/14.2.0/../../../../mips64-elf/lib/libdragon.a(rsp.o)
                0x80017ca0                __rsp_crash
 .text.__rsp_check_assert
                0x800188e0       0x80 /n64_toolchain/lib/gcc/mips64-elf/14.2.0/../../../../mips64-elf/lib/libdragon.a(rsp.o)
                0x800188e0                __rsp_check_assert
 .text.rsp_wait
                0x80018960      0x100 /n64_toolchain/lib/gcc/mips64-elf/14.2.0/../../../../mips64-elf/lib/libdragon.a(rsp.o)
                0x80018960                rsp_wait
 .text.rsp_run  0x80018a60       0x60 /n64_toolchain/lib/gcc/mips64-elf/14.2.0/../../../../mips64-elf/lib/libdragon.a(rsp.o)
                0x80018a60                rsp_run
 .text.cb.2     0x80018ac0       0x60 /n64_toolchain/lib/gcc/mips64-elf/14.2.0/../../../../mips64-elf/lib/libdragon.a(inspector.o)
 .text.cb.1     0x80018b20       0x60 /n64_toolchain/lib/gcc/mips64-elf/14.2.0/../../../../mips64-elf/lib/libdragon.a(inspector.o)
 .text.inspector_print_backtrace
                0x80018b80      0x180 /n64_toolchain/lib/gcc/mips64-elf/14.2.0/../../../../mips64-elf/lib/libdragon.a(inspector.o)
 .text.cb.0     0x80018d00      0x120 /n64_toolchain/lib/gcc/mips64-elf/14.2.0/../../../../mips64-elf/lib/libdragon.a(inspector.o)
 .text.cb.3     0x80018e20      0x120 /n64_toolchain/lib/gcc/mips64-elf/14.2.0/../../../../mips64-elf/lib/libdragon.a(inspector.o)
 .text.inspector_stdout
                0x80018f40      0x300 /n64_toolchain/lib/gcc/mips64-elf/14.2.0/../../../../mips64-elf/lib/libdragon.a(inspector.o)
 .text.title    0x80019240       0xa0 /n64_toolchain/lib/gcc/mips64-elf/14.2.0/../../../../mips64-elf/lib/libdragon.a(inspector.o)
 .text.mips_disasm
                0x800192e0      0x6e0 /n64_toolchain/lib/gcc/mips64-elf/14.2.0/../../../../mips64-elf/lib/libdragon.a(inspector.o)
 .text.inspector
                0x800199c0     0x10a0 /n64_toolchain/lib/gcc/mips64-elf/14.2.0/../../../../mips64-elf/lib/libdragon.a(inspector.o)
 .text.handler.4
                0x8001aa60       0x40 /n64_toolchain/lib/gcc/mips64-elf/14.2.0/../../../../mips64-elf/lib/libdragon.a(inspector.o)
 .text.__inspector_exception
                0x8001aaa0       0x20 /n64_toolchain/lib/gcc/mips64-elf/14.2.0/../../../../mips64-elf/lib/libdragon.a(inspector.o)
                0x8001aaa0                __inspector_exception
 .text.__inspector_assertion
                0x8001aac0       0x20 /n64_toolchain/lib/gcc/mips64-elf/14.2.0/../../../../mips64-elf/lib/libdragon.a(inspector.o)
                0x8001aac0                __inspector_assertion
 .text.startup.__inspector_init
                0x8001aae0       0x20 /n64_toolchain/lib/gcc/mips64-elf/14.2.0/../../../../mips64-elf/lib/libdragon.a(inspector.o)
                0x8001aae0                __inspector_init
 .text.__sprite_upgrade.part.0
                0x8001ab00       0x40 /n64_toolchain/lib/gcc/mips64-elf/14.2.0/../../../../mips64-elf/lib/libdragon.a(sprite.o)
 .text.sprite_load_buf.part.0
                0x8001ab40       0x40 /n64_toolchain/lib/gcc/mips64-elf/14.2.0/../../../../mips64-elf/lib/libdragon.a(sprite.o)
 .text.__sprite_ext
                0x8001ab80       0xa0 /n64_toolchain/lib/gcc/mips64-elf/14.2.0/../../../../mips64-elf/lib/libdragon.a(sprite.o)
                0x8001ab80                __sprite_ext
 .text.sprite_load_buf
                0x8001ac20       0xe0 /n64_toolchain/lib/gcc/mips64-elf/14.2.0/../../../../mips64-elf/lib/libdragon.a(sprite.o)
                0x8001ac20                sprite_load_buf
 .text.sprite_get_pixels
                0x8001ad00       0x60 /n64_toolchain/lib/gcc/mips64-elf/14.2.0/../../../../mips64-elf/lib/libdragon.a(sprite.o)
                0x8001ad00                sprite_get_pixels
 .text.sprite_get_lod_pixels
                0x8001ad60      0x160 /n64_toolchain/lib/gcc/mips64-elf/14.2.0/../../../../mips64-elf/lib/libdragon.a(sprite.o)
                0x8001ad60                sprite_get_lod_pixels
 .text.sprite_get_detail_pixels
                0x8001aec0      0x1a0 /n64_toolchain/lib/gcc/mips64-elf/14.2.0/../../../../mips64-elf/lib/libdragon.a(sprite.o)
                0x8001aec0                sprite_get_detail_pixels
 .text.sprite_get_palette
                0x8001b060       0x60 /n64_toolchain/lib/gcc/mips64-elf/14.2.0/../../../../mips64-elf/lib/libdragon.a(sprite.o)
                0x8001b060                sprite_get_palette
 .text.sprite_get_texparms
                0x8001b0c0       0xc0 /n64_toolchain/lib/gcc/mips64-elf/14.2.0/../../../../mips64-elf/lib/libdragon.a(sprite.o)
                0x8001b0c0                sprite_get_texparms
 .text.sprite_fits_tmem
                0x8001b180       0x40 /n64_toolchain/lib/gcc/mips64-elf/14.2.0/../../../../mips64-elf/lib/libdragon.a(sprite.o)
                0x8001b180                sprite_fits_tmem
 .text.sprite_is_shq
                0x8001b1c0       0x40 /n64_toolchain/lib/gcc/mips64-elf/14.2.0/../../../../mips64-elf/lib/libdragon.a(sprite.o)
                0x8001b1c0                sprite_is_shq
 .text.dma_write_raw_async.part.0
                0x8001b200       0x40 /n64_toolchain/lib/gcc/mips64-elf/14.2.0/../../../../mips64-elf/lib/libdragon.a(dma.o)
 .text.dma_read_async
                0x8001b240      0x4e0 /n64_toolchain/lib/gcc/mips64-elf/14.2.0/../../../../mips64-elf/lib/libdragon.a(dma.o)
                0x8001b240                dma_read_async
 .text.dma_read
                0x8001b720       0x40 /n64_toolchain/lib/gcc/mips64-elf/14.2.0/../../../../mips64-elf/lib/libdragon.a(dma.o)
                0x8001b720                dma_read
 .text.dma_write
                0x8001b760       0xa0 /n64_toolchain/lib/gcc/mips64-elf/14.2.0/../../../../mips64-elf/lib/libdragon.a(dma.o)
                0x8001b760                dma_write
 .text.io_read  0x8001b800       0x60 /n64_toolchain/lib/gcc/mips64-elf/14.2.0/../../../../mips64-elf/lib/libdragon.a(dma.o)
                0x8001b800                io_read
 .text.io_write
                0x8001b860       0x60 /n64_toolchain/lib/gcc/mips64-elf/14.2.0/../../../../mips64-elf/lib/libdragon.a(dma.o)
                0x8001b860                io_write
 .text.cb.0     0x8001b8c0       0x40 /n64_toolchain/lib/gcc/mips64-elf/14.2.0/../../../../mips64-elf/lib/libdragon.a(exception.o)
 .text.cb.1     0x8001b900       0x80 /n64_toolchain/lib/gcc/mips64-elf/14.2.0/../../../../mips64-elf/lib/libdragon.a(exception.o)
 .text.is_unmapped_kx64
                0x8001b980      0x1e0 /n64_toolchain/lib/gcc/mips64-elf/14.2.0/../../../../mips64-elf/lib/libdragon.a(exception.o)
 .text.__get_exception_name.isra.0
                0x8001bb60      0x5c0 /n64_toolchain/lib/gcc/mips64-elf/14.2.0/../../../../mips64-elf/lib/libdragon.a(exception.o)
 .text.__exception_dump_header
                0x8001c120      0x340 /n64_toolchain/lib/gcc/mips64-elf/14.2.0/../../../../mips64-elf/lib/libdragon.a(exception.o)
                0x8001c120                __exception_dump_header
 .text.__exception_dump_gpr
                0x8001c460      0x180 /n64_toolchain/lib/gcc/mips64-elf/14.2.0/../../../../mips64-elf/lib/libdragon.a(exception.o)
                0x8001c460                __exception_dump_gpr
 .text.__exception_dump_fpr
                0x8001c5e0      0x2e0 /n64_toolchain/lib/gcc/mips64-elf/14.2.0/../../../../mips64-elf/lib/libdragon.a(exception.o)
                0x8001c5e0                __exception_dump_fpr
 .text.exception_default_handler
                0x8001c8c0      0x1a0 /n64_toolchain/lib/gcc/mips64-elf/14.2.0/../../../../mips64-elf/lib/libdragon.a(exception.o)
                0x8001c8c0                exception_default_handler
 .text.__onCriticalException
                0x8001ca60       0x80 /n64_toolchain/lib/gcc/mips64-elf/14.2.0/../../../../mips64-elf/lib/libdragon.a(exception.o)
                0x8001ca60                __onCriticalException
 .text.register_syscall_handler
                0x8001cae0      0x1a0 /n64_toolchain/lib/gcc/mips64-elf/14.2.0/../../../../mips64-elf/lib/libdragon.a(exception.o)
                0x8001cae0                register_syscall_handler
 .text.__onSyscallException
                0x8001cc80      0x1a0 /n64_toolchain/lib/gcc/mips64-elf/14.2.0/../../../../mips64-elf/lib/libdragon.a(exception.o)
                0x8001cc80                __onSyscallException
 .text.__wrap___do_global_ctors
                0x8001ce20       0xe0 /n64_toolchain/lib/gcc/mips64-elf/14.2.0/../../../../mips64-elf/lib/libdragon.a(do_ctors.o)
                0x8001ce20                __wrap___do_global_ctors
 .text.kthread_free
                0x8001cf00       0x60 /n64_toolchain/lib/gcc/mips64-elf/14.2.0/../../../../mips64-elf/lib/libdragon.a(kernel.o)
 .text.__thlist_add.part.0
                0x8001cf60       0x40 /n64_toolchain/lib/gcc/mips64-elf/14.2.0/../../../../mips64-elf/lib/libdragon.a(kernel.o)
 .text.startup.__kernel_tls_init
                0x8001cfa0       0x40 /n64_toolchain/lib/gcc/mips64-elf/14.2.0/../../../../mips64-elf/lib/libdragon.a(kernel.o)
                0x8001cfa0                __kernel_tls_init
 .text.__kthread_check_overflow
                0x8001cfe0       0xe0 /n64_toolchain/lib/gcc/mips64-elf/14.2.0/../../../../mips64-elf/lib/libdragon.a(kernel.o)
                0x8001cfe0                __kthread_check_overflow
 .text.__thlist_splice_pri
                0x8001d0c0      0x100 /n64_toolchain/lib/gcc/mips64-elf/14.2.0/../../../../mips64-elf/lib/libdragon.a(kernel.o)
                0x8001d0c0                __thlist_splice_pri
 .text.kmutex_unlock_internal
                0x8001d1c0       0xa0 /n64_toolchain/lib/gcc/mips64-elf/14.2.0/../../../../mips64-elf/lib/libdragon.a(kernel.o)
 .text.__kthread_syscall_schedule
                0x8001d260      0x340 /n64_toolchain/lib/gcc/mips64-elf/14.2.0/../../../../mips64-elf/lib/libdragon.a(kernel.o)
                0x8001d260                __kthread_syscall_schedule
 .text.kthread_current
                0x8001d5a0       0x20 /n64_toolchain/lib/gcc/mips64-elf/14.2.0/../../../../mips64-elf/lib/libdragon.a(kernel.o)
                0x8001d5a0                kthread_current
 .text.kthread_suspend
                0x8001d5c0       0x40 /n64_toolchain/lib/gcc/mips64-elf/14.2.0/../../../../mips64-elf/lib/libdragon.a(kernel.o)
                0x8001d5c0                kthread_suspend
 .text.kthread_backtrace
                0x8001d600       0x80 /n64_toolchain/lib/gcc/mips64-elf/14.2.0/../../../../mips64-elf/lib/libdragon.a(kernel.o)
                0x8001d600                kthread_backtrace
 .text.kmutex_init
                0x8001d680       0x60 /n64_toolchain/lib/gcc/mips64-elf/14.2.0/../../../../mips64-elf/lib/libdragon.a(kernel.o)
                0x8001d680                kmutex_init
 .text.kmutex_destroy
                0x8001d6e0       0xa0 /n64_toolchain/lib/gcc/mips64-elf/14.2.0/../../../../mips64-elf/lib/libdragon.a(kernel.o)
                0x8001d6e0                kmutex_destroy
 .text.kmutex_lock
                0x8001d780      0x1a0 /n64_toolchain/lib/gcc/mips64-elf/14.2.0/../../../../mips64-elf/lib/libdragon.a(kernel.o)
                0x8001d780                kmutex_lock
 .text.kmutex_unlock
                0x8001d920      0x180 /n64_toolchain/lib/gcc/mips64-elf/14.2.0/../../../../mips64-elf/lib/libdragon.a(kernel.o)
                0x8001d920                kmutex_unlock
 .text.__kcond_broadcast_isr
                0x8001daa0       0x40 /n64_toolchain/lib/gcc/mips64-elf/14.2.0/../../../../mips64-elf/lib/libdragon.a(kernel.o)
                0x8001daa0                __kcond_broadcast_isr
 .text.kcond_wait
                0x8001dae0      0x160 /n64_toolchain/lib/gcc/mips64-elf/14.2.0/../../../../mips64-elf/lib/libdragon.a(kernel.o)
                0x8001dae0                kcond_wait
 .text.kirq_begin_wait_si
                0x8001dc40       0x20 /n64_toolchain/lib/gcc/mips64-elf/14.2.0/../../../../mips64-elf/lib/libdragon.a(kirq.o)
                0x8001dc40                kirq_begin_wait_si
 .text.kirq_begin_wait_vi
                0x8001dc60       0x20 /n64_toolchain/lib/gcc/mips64-elf/14.2.0/../../../../mips64-elf/lib/libdragon.a(kirq.o)
                0x8001dc60                kirq_begin_wait_vi
 .text.kirq_wait
                0x8001dc80       0x80 /n64_toolchain/lib/gcc/mips64-elf/14.2.0/../../../../mips64-elf/lib/libdragon.a(kirq.o)
                0x8001dc80                kirq_wait
 .text.mixer_ch_set_limits
                0x8001dd00      0x280 /n64_toolchain/lib/gcc/mips64-elf/14.2.0/../../../../mips64-elf/lib/libdragon.a(mixer.o)
                0x8001dd00                mixer_ch_set_limits
 .text.mixer_init
                0x8001df80      0x180 /n64_toolchain/lib/gcc/mips64-elf/14.2.0/../../../../mips64-elf/lib/libdragon.a(mixer.o)
                0x8001df80                mixer_init
 .text.samplebuffer_is_inited
                0x8001e100       0x20 /n64_toolchain/lib/gcc/mips64-elf/14.2.0/../../../../mips64-elf/lib/libdragon.a(samplebuffer.o)
                0x8001e100                samplebuffer_is_inited
 .text.samplebuffer_close
                0x8001e120       0x60 /n64_toolchain/lib/gcc/mips64-elf/14.2.0/../../../../mips64-elf/lib/libdragon.a(samplebuffer.o)
                0x8001e120                samplebuffer_close
 .text.joypad_inputs_from_n64_controller_read
                0x8001e180       0xc0 /n64_toolchain/lib/gcc/mips64-elf/14.2.0/../../../../mips64-elf/lib/libdragon.a(joypad.o)
 .text.joypad_gcn_origin_callback
                0x8001e240       0xe0 /n64_toolchain/lib/gcc/mips64-elf/14.2.0/../../../../mips64-elf/lib/libdragon.a(joypad.o)
 .text.joybus_input_read_n64_controllers
                0x8001e320       0xe0 /n64_toolchain/lib/gcc/mips64-elf/14.2.0/../../../../mips64-elf/lib/libdragon.a(joypad.o)
 .text.joypad_read_callback
                0x8001e400       0x60 /n64_toolchain/lib/gcc/mips64-elf/14.2.0/../../../../mips64-elf/lib/libdragon.a(joypad.o)
 .text.joypad_device_changed
                0x8001e460       0x80 /n64_toolchain/lib/gcc/mips64-elf/14.2.0/../../../../mips64-elf/lib/libdragon.a(joypad.o)
 .text.joypad_identify_callback
                0x8001e4e0      0x2a0 /n64_toolchain/lib/gcc/mips64-elf/14.2.0/../../../../mips64-elf/lib/libdragon.a(joypad.o)
 .text.joypad_read_async.part.0
                0x8001e780      0x220 /n64_toolchain/lib/gcc/mips64-elf/14.2.0/../../../../mips64-elf/lib/libdragon.a(joypad.o)
 .text.joypad_identify_async.part.0
                0x8001e9a0      0x140 /n64_toolchain/lib/gcc/mips64-elf/14.2.0/../../../../mips64-elf/lib/libdragon.a(joypad.o)
 .text.joypad_poll.part.0
                0x8001eae0      0x520 /n64_toolchain/lib/gcc/mips64-elf/14.2.0/../../../../mips64-elf/lib/libdragon.a(joypad.o)
 .text.joypad_vi_interrupt_callback
                0x8001f000       0xa0 /n64_toolchain/lib/gcc/mips64-elf/14.2.0/../../../../mips64-elf/lib/libdragon.a(joypad.o)
 .text.joypad_reset_interrupt_callback
                0x8001f0a0      0x2c0 /n64_toolchain/lib/gcc/mips64-elf/14.2.0/../../../../mips64-elf/lib/libdragon.a(joypad.o)
 .text.joypad_read_n64_inputs
                0x8001f360      0x1e0 /n64_toolchain/lib/gcc/mips64-elf/14.2.0/../../../../mips64-elf/lib/libdragon.a(joypad.o)
                0x8001f360                joypad_read_n64_inputs
 .text.joypad_init
                0x8001f540      0x1e0 /n64_toolchain/lib/gcc/mips64-elf/14.2.0/../../../../mips64-elf/lib/libdragon.a(joypad.o)
                0x8001f540                joypad_init
 .text.joypad_poll
                0x8001f720       0x60 /n64_toolchain/lib/gcc/mips64-elf/14.2.0/../../../../mips64-elf/lib/libdragon.a(joypad.o)
                0x8001f720                joypad_poll
 .text.joypad_get_inputs
                0x8001f780       0xa0 /n64_toolchain/lib/gcc/mips64-elf/14.2.0/../../../../mips64-elf/lib/libdragon.a(joypad.o)
                0x8001f780                joypad_get_inputs
 .text.joypad_get_buttons_pressed
                0x8001f820       0xa0 /n64_toolchain/lib/gcc/mips64-elf/14.2.0/../../../../mips64-elf/lib/libdragon.a(joypad.o)
                0x8001f820                joypad_get_buttons_pressed
 .text.rspq_switch_context
                0x8001f8c0       0x60 /n64_toolchain/lib/gcc/mips64-elf/14.2.0/../../../../mips64-elf/lib/libdragon.a(rspq.o)
 .text.rspq_flush_internal
                0x8001f920       0x40 /n64_toolchain/lib/gcc/mips64-elf/14.2.0/../../../../mips64-elf/lib/libdragon.a(rspq.o)
 .text.rspq_sp_interrupt
                0x8001f960       0xa0 /n64_toolchain/lib/gcc/mips64-elf/14.2.0/../../../../mips64-elf/lib/libdragon.a(rspq.o)
 .text.rspq_init_context
                0x8001fa00       0xa0 /n64_toolchain/lib/gcc/mips64-elf/14.2.0/../../../../mips64-elf/lib/libdragon.a(rspq.o)
 .text.rspq_switch_buffer.part.0
                0x8001faa0       0x40 /n64_toolchain/lib/gcc/mips64-elf/14.2.0/../../../../mips64-elf/lib/libdragon.a(rspq.o)
 .text.rspq_crash_handler
                0x8001fae0      0x320 /n64_toolchain/lib/gcc/mips64-elf/14.2.0/../../../../mips64-elf/lib/libdragon.a(rspq.o)
 .text.rspq_assert_handler
                0x8001fe00      0x100 /n64_toolchain/lib/gcc/mips64-elf/14.2.0/../../../../mips64-elf/lib/libdragon.a(rspq.o)
 .text.rspq_init
                0x8001ff00      0x3c0 /n64_toolchain/lib/gcc/mips64-elf/14.2.0/../../../../mips64-elf/lib/libdragon.a(rspq.o)
                0x8001ff00                rspq_init
 .text.rspq_flush
                0x800202c0       0x40 /n64_toolchain/lib/gcc/mips64-elf/14.2.0/../../../../mips64-elf/lib/libdragon.a(rspq.o)
                0x800202c0                rspq_flush
 .text.rspq_highpri_begin
                0x80020300      0x120 /n64_toolchain/lib/gcc/mips64-elf/14.2.0/../../../../mips64-elf/lib/libdragon.a(rspq.o)
                0x80020300                rspq_highpri_begin
 .text.rspq_highpri_end
                0x80020420       0xa0 /n64_toolchain/lib/gcc/mips64-elf/14.2.0/../../../../mips64-elf/lib/libdragon.a(rspq.o)
                0x80020420                rspq_highpri_end
 .text.rspq_block_begin
                0x800204c0      0x100 /n64_toolchain/lib/gcc/mips64-elf/14.2.0/../../../../mips64-elf/lib/libdragon.a(rspq.o)
                0x800204c0                rspq_block_begin
 .text.rspq_block_end
                0x800205c0       0xa0 /n64_toolchain/lib/gcc/mips64-elf/14.2.0/../../../../mips64-elf/lib/libdragon.a(rspq.o)
                0x800205c0                rspq_block_end
 .text.__rspq_deferred_poll
                0x80020660       0xe0 /n64_toolchain/lib/gcc/mips64-elf/14.2.0/../../../../mips64-elf/lib/libdragon.a(rspq.o)
                0x80020660                __rspq_deferred_poll
 .text.rspq_next_buffer
                0x80020740      0x2e0 /n64_toolchain/lib/gcc/mips64-elf/14.2.0/../../../../mips64-elf/lib/libdragon.a(rspq.o)
                0x80020740                rspq_next_buffer
 .text.rspq_block_run
                0x80020a20      0x100 /n64_toolchain/lib/gcc/mips64-elf/14.2.0/../../../../mips64-elf/lib/libdragon.a(rspq.o)
                0x80020a20                rspq_block_run
 .text.rspq_syncpoint_new
                0x80020b20       0xe0 /n64_toolchain/lib/gcc/mips64-elf/14.2.0/../../../../mips64-elf/lib/libdragon.a(rspq.o)
                0x80020b20                rspq_syncpoint_new
 .text.rspq_overlay_register_internal
                0x80020c00      0x540 /n64_toolchain/lib/gcc/mips64-elf/14.2.0/../../../../mips64-elf/lib/libdragon.a(rspq.o)
 .text.rspq_overlay_register
                0x80021140       0x20 /n64_toolchain/lib/gcc/mips64-elf/14.2.0/../../../../mips64-elf/lib/libdragon.a(rspq.o)
                0x80021140                rspq_overlay_register
 .text.rspq_overlay_register_static
                0x80021160       0x60 /n64_toolchain/lib/gcc/mips64-elf/14.2.0/../../../../mips64-elf/lib/libdragon.a(rspq.o)
                0x80021160                rspq_overlay_register_static
 .text.rspq_syncpoint_wait
                0x800211c0      0x160 /n64_toolchain/lib/gcc/mips64-elf/14.2.0/../../../../mips64-elf/lib/libdragon.a(rspq.o)
                0x800211c0                rspq_syncpoint_wait
 .text.rspq_wait
                0x80021320      0x240 /n64_toolchain/lib/gcc/mips64-elf/14.2.0/../../../../mips64-elf/lib/libdragon.a(rspq.o)
                0x80021320                rspq_wait
 .text.rspq_overlay_get_state
                0x80021560      0x160 /n64_toolchain/lib/gcc/mips64-elf/14.2.0/../../../../mips64-elf/lib/libdragon.a(rspq.o)
                0x80021560                rspq_overlay_get_state
 .text.__rdpq_interrupt
                0x800216c0       0xc0 /n64_toolchain/lib/gcc/mips64-elf/14.2.0/../../../../mips64-elf/lib/libdragon.a(rdpq.o)
 .text.rdpq_assert_handler
                0x80021780       0xc0 /n64_toolchain/lib/gcc/mips64-elf/14.2.0/../../../../mips64-elf/lib/libdragon.a(rdpq.o)
 .text.rdpq_set_tile
                0x80021840      0x2a0 /n64_toolchain/lib/gcc/mips64-elf/14.2.0/../../../../mips64-elf/lib/libdragon.a(rdpq.o)
                0x80021840                rdpq_set_tile
 .text.__rdpq_block_begin
                0x80021ae0       0x40 /n64_toolchain/lib/gcc/mips64-elf/14.2.0/../../../../mips64-elf/lib/libdragon.a(rdpq.o)
                0x80021ae0                __rdpq_block_begin
 .text.__rdpq_block_next_buffer
                0x80021b20      0x1e0 /n64_toolchain/lib/gcc/mips64-elf/14.2.0/../../../../mips64-elf/lib/libdragon.a(rdpq.o)
                0x80021b20                __rdpq_block_next_buffer
 .text.rdpq_fence
                0x80021d00      0x140 /n64_toolchain/lib/gcc/mips64-elf/14.2.0/../../../../mips64-elf/lib/libdragon.a(rdpq.o)
                0x80021d00                rdpq_fence
 .text.__rdpq_block_end
                0x80021e40       0x40 /n64_toolchain/lib/gcc/mips64-elf/14.2.0/../../../../mips64-elf/lib/libdragon.a(rdpq.o)
                0x80021e40                __rdpq_block_end
 .text.__rdpq_block_run
                0x80021e80       0xa0 /n64_toolchain/lib/gcc/mips64-elf/14.2.0/../../../../mips64-elf/lib/libdragon.a(rdpq.o)
                0x80021e80                __rdpq_block_run
 .text.__rdpq_block_reserve
                0x80021f20      0x120 /n64_toolchain/lib/gcc/mips64-elf/14.2.0/../../../../mips64-elf/lib/libdragon.a(rdpq.o)
                0x80021f20                __rdpq_block_reserve
 .text.__rdpq_block_update
                0x80022040      0x120 /n64_toolchain/lib/gcc/mips64-elf/14.2.0/../../../../mips64-elf/lib/libdragon.a(rdpq.o)
                0x80022040                __rdpq_block_update
 .text.__rdpq_write8
                0x80022160       0xe0 /n64_toolchain/lib/gcc/mips64-elf/14.2.0/../../../../mips64-elf/lib/libdragon.a(rdpq.o)
                0x80022160                __rdpq_write8
 .text.__rdpq_autosync_change
                0x80022240      0x140 /n64_toolchain/lib/gcc/mips64-elf/14.2.0/../../../../mips64-elf/lib/libdragon.a(rdpq.o)
                0x80022240                __rdpq_autosync_change
 .text.__rdpq_write8_syncchange
                0x80022380       0x60 /n64_toolchain/lib/gcc/mips64-elf/14.2.0/../../../../mips64-elf/lib/libdragon.a(rdpq.o)
                0x80022380                __rdpq_write8_syncchange
 .text.__rdpq_fixup_write8_syncchange
                0x800223e0      0x140 /n64_toolchain/lib/gcc/mips64-elf/14.2.0/../../../../mips64-elf/lib/libdragon.a(rdpq.o)
                0x800223e0                __rdpq_fixup_write8_syncchange
 .text.__rdpq_write8_syncchangeuse
                0x80022520       0x80 /n64_toolchain/lib/gcc/mips64-elf/14.2.0/../../../../mips64-elf/lib/libdragon.a(rdpq.o)
                0x80022520                __rdpq_write8_syncchangeuse
 .text.__rdpq_set_scissor
                0x800225a0      0x100 /n64_toolchain/lib/gcc/mips64-elf/14.2.0/../../../../mips64-elf/lib/libdragon.a(rdpq.o)
                0x800225a0                __rdpq_set_scissor
 .text.__rdpq_set_fill_color
                0x800226a0      0x100 /n64_toolchain/lib/gcc/mips64-elf/14.2.0/../../../../mips64-elf/lib/libdragon.a(rdpq.o)
                0x800226a0                __rdpq_set_fill_color
 .text.__rdpq_set_color_image
                0x800227a0      0x140 /n64_toolchain/lib/gcc/mips64-elf/14.2.0/../../../../mips64-elf/lib/libdragon.a(rdpq.o)
                0x800227a0                __rdpq_set_color_image
 .text.rdpq_set_color_image
                0x800228e0      0x200 /n64_toolchain/lib/gcc/mips64-elf/14.2.0/../../../../mips64-elf/lib/libdragon.a(rdpq.o)
                0x800228e0                rdpq_set_color_image
 .text.rdpq_set_z_image
                0x80022ae0       0xc0 /n64_toolchain/lib/gcc/mips64-elf/14.2.0/../../../../mips64-elf/lib/libdragon.a(rdpq.o)
                0x80022ae0                rdpq_set_z_image
 .text.rdpq_set_texture_image
                0x80022ba0      0x160 /n64_toolchain/lib/gcc/mips64-elf/14.2.0/../../../../mips64-elf/lib/libdragon.a(rdpq.o)
                0x80022ba0                rdpq_set_texture_image
 .text.__rdpq_set_other_modes
                0x80022d00      0x140 /n64_toolchain/lib/gcc/mips64-elf/14.2.0/../../../../mips64-elf/lib/libdragon.a(rdpq.o)
                0x80022d00                __rdpq_set_other_modes
 .text.rdpq_init
                0x80022e40      0x1c0 /n64_toolchain/lib/gcc/mips64-elf/14.2.0/../../../../mips64-elf/lib/libdragon.a(rdpq.o)
                0x80022e40                rdpq_init
 .text.__rdpq_change_other_modes
                0x80023000      0x180 /n64_toolchain/lib/gcc/mips64-elf/14.2.0/../../../../mips64-elf/lib/libdragon.a(rdpq.o)
                0x80023000                __rdpq_change_other_modes
 .text.rdpq_set_tile_autotmem
                0x80023180       0xa0 /n64_toolchain/lib/gcc/mips64-elf/14.2.0/../../../../mips64-elf/lib/libdragon.a(rdpq.o)
                0x80023180                rdpq_set_tile_autotmem
 .text.rdpq_sync_full
                0x80023220      0x120 /n64_toolchain/lib/gcc/mips64-elf/14.2.0/../../../../mips64-elf/lib/libdragon.a(rdpq.o)
                0x80023220                rdpq_sync_full
 .text.rdpq_sync_load
                0x80023340       0x60 /n64_toolchain/lib/gcc/mips64-elf/14.2.0/../../../../mips64-elf/lib/libdragon.a(rdpq.o)
                0x80023340                rdpq_sync_load
 .text.__rdpq_fill_rectangle
                0x800233a0      0x120 /n64_toolchain/lib/gcc/mips64-elf/14.2.0/../../../../mips64-elf/lib/libdragon.a(rdpq_rect.o)
                0x800233a0                __rdpq_fill_rectangle
 .text.__rdpq_fill_rectangle_offline
                0x800234c0       0x80 /n64_toolchain/lib/gcc/mips64-elf/14.2.0/../../../../mips64-elf/lib/libdragon.a(rdpq_rect.o)
                0x800234c0                __rdpq_fill_rectangle_offline
 .text.__rdpq_texture_rectangle
                0x80023540      0x1a0 /n64_toolchain/lib/gcc/mips64-elf/14.2.0/../../../../mips64-elf/lib/libdragon.a(rdpq_rect.o)
                0x80023540                __rdpq_texture_rectangle
 .text.__rdpq_texture_rectangle_offline
                0x800236e0      0x240 /n64_toolchain/lib/gcc/mips64-elf/14.2.0/../../../../mips64-elf/lib/libdragon.a(rdpq_rect.o)
                0x800236e0                __rdpq_texture_rectangle_offline
 .text.__rdpq_fixup_mode
                0x80023920       0xc0 /n64_toolchain/lib/gcc/mips64-elf/14.2.0/../../../../mips64-elf/lib/libdragon.a(rdpq_mode.o)
                0x80023920                __rdpq_fixup_mode
 .text.__rdpq_fixup_mode3
                0x800239e0       0xe0 /n64_toolchain/lib/gcc/mips64-elf/14.2.0/../../../../mips64-elf/lib/libdragon.a(rdpq_mode.o)
                0x800239e0                __rdpq_fixup_mode3
 .text.__rdpq_fixup_mode4
                0x80023ac0       0xe0 /n64_toolchain/lib/gcc/mips64-elf/14.2.0/../../../../mips64-elf/lib/libdragon.a(rdpq_mode.o)
                0x80023ac0                __rdpq_fixup_mode4
 .text.__rdpq_reset_render_mode
                0x80023ba0      0x100 /n64_toolchain/lib/gcc/mips64-elf/14.2.0/../../../../mips64-elf/lib/libdragon.a(rdpq_mode.o)
                0x80023ba0                __rdpq_reset_render_mode
 .text.rdpq_mode_push
                0x80023ca0       0x40 /n64_toolchain/lib/gcc/mips64-elf/14.2.0/../../../../mips64-elf/lib/libdragon.a(rdpq_mode.o)
                0x80023ca0                rdpq_mode_push
 .text.rdpq_mode_pop
                0x80023ce0       0xa0 /n64_toolchain/lib/gcc/mips64-elf/14.2.0/../../../../mips64-elf/lib/libdragon.a(rdpq_mode.o)
                0x80023ce0                rdpq_mode_pop
 .text.__rdpq_set_mode_fill
                0x80023d80       0x80 /n64_toolchain/lib/gcc/mips64-elf/14.2.0/../../../../mips64-elf/lib/libdragon.a(rdpq_mode.o)
                0x80023d80                __rdpq_set_mode_fill
 .text.rdpq_set_mode_standard
                0x80023e00       0xc0 /n64_toolchain/lib/gcc/mips64-elf/14.2.0/../../../../mips64-elf/lib/libdragon.a(rdpq_mode.o)
                0x80023e00                rdpq_set_mode_standard
 .text.rdpq_mode_begin
                0x80023ec0       0x40 /n64_toolchain/lib/gcc/mips64-elf/14.2.0/../../../../mips64-elf/lib/libdragon.a(rdpq_mode.o)
                0x80023ec0                rdpq_mode_begin
 .text.rdpq_mode_end
                0x80023f00       0x40 /n64_toolchain/lib/gcc/mips64-elf/14.2.0/../../../../mips64-elf/lib/libdragon.a(rdpq_mode.o)
                0x80023f00                rdpq_mode_end
 .text.__rdpq_clear_z_with_rsp
                0x80023f40      0x140 /n64_toolchain/lib/gcc/mips64-elf/14.2.0/../../../../mips64-elf/lib/libdragon.a(rdpq_attach.o)
 .text.rdpq_attach.part.0
                0x80024080       0x40 /n64_toolchain/lib/gcc/mips64-elf/14.2.0/../../../../mips64-elf/lib/libdragon.a(rdpq_attach.o)
 .text.attach   0x800240c0      0x220 /n64_toolchain/lib/gcc/mips64-elf/14.2.0/../../../../mips64-elf/lib/libdragon.a(rdpq_attach.o)
 .text.rdpq_attach
                0x800242e0       0x40 /n64_toolchain/lib/gcc/mips64-elf/14.2.0/../../../../mips64-elf/lib/libdragon.a(rdpq_attach.o)
                0x800242e0                rdpq_attach
 .text.__rdpq_clear
                0x80024320       0xc0 /n64_toolchain/lib/gcc/mips64-elf/14.2.0/../../../../mips64-elf/lib/libdragon.a(rdpq_attach.o)
                0x80024320                __rdpq_clear
 .text.rdpq_detach_cb
                0x800243e0       0xc0 /n64_toolchain/lib/gcc/mips64-elf/14.2.0/../../../../mips64-elf/lib/libdragon.a(rdpq_attach.o)
                0x800243e0                rdpq_detach_cb
 .text.rdpq_detach_show
                0x800244a0       0x80 /n64_toolchain/lib/gcc/mips64-elf/14.2.0/../../../../mips64-elf/lib/libdragon.a(rdpq_attach.o)
                0x800244a0                rdpq_detach_show
 .text.phf_round32
                0x80024520       0x60 /n64_toolchain/lib/gcc/mips64-elf/14.2.0/../../../../mips64-elf/lib/libdragon.a(rdpq_font.o)
 .text.phf_mix32
                0x80024580       0x40 /n64_toolchain/lib/gcc/mips64-elf/14.2.0/../../../../mips64-elf/lib/libdragon.a(rdpq_font.o)
 .text.__rdpq_font_glyph_sparse.isra.0
                0x800245c0       0xa0 /n64_toolchain/lib/gcc/mips64-elf/14.2.0/../../../../mips64-elf/lib/libdragon.a(rdpq_font.o)
 .text.rdpq_font_load_buf
                0x80024660      0xb60 /n64_toolchain/lib/gcc/mips64-elf/14.2.0/../../../../mips64-elf/lib/libdragon.a(rdpq_font.o)
                0x80024660                rdpq_font_load_buf
 .text.__rdpq_font_glyph
                0x800251c0       0xa0 /n64_toolchain/lib/gcc/mips64-elf/14.2.0/../../../../mips64-elf/lib/libdragon.a(rdpq_font.o)
                0x800251c0                __rdpq_font_glyph
 .text.__rdpq_font_kerning
                0x80025260       0xe0 /n64_toolchain/lib/gcc/mips64-elf/14.2.0/../../../../mips64-elf/lib/libdragon.a(rdpq_font.o)
                0x80025260                __rdpq_font_kerning
 .text.rdpq_font_style
                0x80025340      0x100 /n64_toolchain/lib/gcc/mips64-elf/14.2.0/../../../../mips64-elf/lib/libdragon.a(rdpq_font.o)
                0x80025340                rdpq_font_style
 .text.rdpq_font_render_paragraph
                0x80025440      0x6a0 /n64_toolchain/lib/gcc/mips64-elf/14.2.0/../../../../mips64-elf/lib/libdragon.a(rdpq_font.o)
                0x80025440                rdpq_font_render_paragraph
 .text.__rdpq_font_load_builtin_1
                0x80025ae0       0x20 /n64_toolchain/lib/gcc/mips64-elf/14.2.0/../../../../mips64-elf/lib/libdragon.a(rdpq_font.o)
                0x80025ae0                __rdpq_font_load_builtin_1
 .text.rdpq_text_register_font
                0x80025b00       0xa0 /n64_toolchain/lib/gcc/mips64-elf/14.2.0/../../../../mips64-elf/lib/libdragon.a(rdpq_text.o)
                0x80025b00                rdpq_text_register_font
 .text.rdpq_text_get_font
                0x80025ba0       0x20 /n64_toolchain/lib/gcc/mips64-elf/14.2.0/../../../../mips64-elf/lib/libdragon.a(rdpq_text.o)
                0x80025ba0                rdpq_text_get_font
 .text.rdpq_text_printn
                0x80025bc0       0xe0 /n64_toolchain/lib/gcc/mips64-elf/14.2.0/../../../../mips64-elf/lib/libdragon.a(rdpq_text.o)
                0x80025bc0                rdpq_text_printn
 .text.char_compare
                0x80025ca0       0x40 /n64_toolchain/lib/gcc/mips64-elf/14.2.0/../../../../mips64-elf/lib/libdragon.a(rdpq_paragraph.o)
 .text.__rdpq_paragraph_builder_update_bbox_width.part.0
                0x80025ce0      0x2e0 /n64_toolchain/lib/gcc/mips64-elf/14.2.0/../../../../mips64-elf/lib/libdragon.a(rdpq_paragraph.o)
 .text.__rdpq_paragraph_builder_newline
                0x80025fc0      0x100 /n64_toolchain/lib/gcc/mips64-elf/14.2.0/../../../../mips64-elf/lib/libdragon.a(rdpq_paragraph.o)
 .text.paragraph_wrap
                0x800260c0      0x1e0 /n64_toolchain/lib/gcc/mips64-elf/14.2.0/../../../../mips64-elf/lib/libdragon.a(rdpq_paragraph.o)
 .text.paragraph_extend
                0x800262a0       0x80 /n64_toolchain/lib/gcc/mips64-elf/14.2.0/../../../../mips64-elf/lib/libdragon.a(rdpq_paragraph.o)
 .text.__utf8_decode
                0x80026320       0xe0 /n64_toolchain/lib/gcc/mips64-elf/14.2.0/../../../../mips64-elf/lib/libdragon.a(rdpq_paragraph.o)
                0x80026320                __utf8_decode
 .text.rdpq_paragraph_builder_font
                0x80026400      0x120 /n64_toolchain/lib/gcc/mips64-elf/14.2.0/../../../../mips64-elf/lib/libdragon.a(rdpq_paragraph.o)
                0x80026400                rdpq_paragraph_builder_font
 .text.rdpq_paragraph_builder_begin
                0x80026520      0x2c0 /n64_toolchain/lib/gcc/mips64-elf/14.2.0/../../../../mips64-elf/lib/libdragon.a(rdpq_paragraph.o)
                0x80026520                rdpq_paragraph_builder_begin
 .text.rdpq_paragraph_builder_span
                0x800267e0      0x8e0 /n64_toolchain/lib/gcc/mips64-elf/14.2.0/../../../../mips64-elf/lib/libdragon.a(rdpq_paragraph.o)
                0x800267e0                rdpq_paragraph_builder_span
 .text.rdpq_paragraph_builder_end
                0x800270c0      0x240 /n64_toolchain/lib/gcc/mips64-elf/14.2.0/../../../../mips64-elf/lib/libdragon.a(rdpq_paragraph.o)
                0x800270c0                rdpq_paragraph_builder_end
 .text.__rdpq_paragraph_build
                0x80027300      0x540 /n64_toolchain/lib/gcc/mips64-elf/14.2.0/../../../../mips64-elf/lib/libdragon.a(rdpq_paragraph.o)
                0x80027300                __rdpq_paragraph_build
 .text.rdpq_paragraph_render
                0x80027840      0x1e0 /n64_toolchain/lib/gcc/mips64-elf/14.2.0/../../../../mips64-elf/lib/libdragon.a(rdpq_paragraph.o)
                0x80027840                rdpq_paragraph_render
 .text.data_cache_hit_writeback
                0x80027a20       0x60 /n64_toolchain/lib/gcc/mips64-elf/14.2.0/../../../../mips64-elf/lib/libdragon.a(n64sys.o)
                0x80027a20                data_cache_hit_writeback
 .text.data_cache_hit_invalidate
                0x80027a80       0x80 /n64_toolchain/lib/gcc/mips64-elf/14.2.0/../../../../mips64-elf/lib/libdragon.a(n64sys.o)
                0x80027a80                data_cache_hit_invalidate
 .text.data_cache_hit_writeback_invalidate
                0x80027b00       0x60 /n64_toolchain/lib/gcc/mips64-elf/14.2.0/../../../../mips64-elf/lib/libdragon.a(n64sys.o)
                0x80027b00                data_cache_hit_writeback_invalidate
 .text.inst_cache_hit_invalidate
                0x80027b60       0x60 /n64_toolchain/lib/gcc/mips64-elf/14.2.0/../../../../mips64-elf/lib/libdragon.a(n64sys.o)
                0x80027b60                inst_cache_hit_invalidate
 .text.malloc_uncached
                0x80027bc0       0x60 /n64_toolchain/lib/gcc/mips64-elf/14.2.0/../../../../mips64-elf/lib/libdragon.a(n64sys.o)
                0x80027bc0                malloc_uncached
 .text.malloc_uncached_aligned
                0x80027c20       0x80 /n64_toolchain/lib/gcc/mips64-elf/14.2.0/../../../../mips64-elf/lib/libdragon.a(n64sys.o)
                0x80027c20                malloc_uncached_aligned
 .text.free_uncached
                0x80027ca0       0x20 /n64_toolchain/lib/gcc/mips64-elf/14.2.0/../../../../mips64-elf/lib/libdragon.a(n64sys.o)
                0x80027ca0                free_uncached
 .text.get_ticks
                0x80027cc0       0x40 /n64_toolchain/lib/gcc/mips64-elf/14.2.0/../../../../mips64-elf/lib/libdragon.a(n64sys.o)
                0x80027cc0                get_ticks
 .text.wait_ms  0x80027d00       0x40 /n64_toolchain/lib/gcc/mips64-elf/14.2.0/../../../../mips64-elf/lib/libdragon.a(n64sys.o)
                0x80027d00                wait_ms
 .text.die      0x80027d40       0x60 /n64_toolchain/lib/gcc/mips64-elf/14.2.0/../../../../mips64-elf/lib/libdragon.a(n64sys.o)
                0x80027d40                die
 .text.startup.__init_cop1
                0x80027da0       0x40 /n64_toolchain/lib/gcc/mips64-elf/14.2.0/../../../../mips64-elf/lib/libdragon.a(n64sys.o)
                0x80027da0                __init_cop1
 .text.__MI_handler
                0x80027de0      0x380 /n64_toolchain/lib/gcc/mips64-elf/14.2.0/../../../../mips64-elf/lib/libdragon.a(interrupt.o)
                0x80027de0                __MI_handler
 .text.__MI_BB_handler
                0x80028160      0x300 /n64_toolchain/lib/gcc/mips64-elf/14.2.0/../../../../mips64-elf/lib/libdragon.a(interrupt.o)
                0x80028160                __MI_BB_handler
 .text.__TI_handler
                0x80028460       0x80 /n64_toolchain/lib/gcc/mips64-elf/14.2.0/../../../../mips64-elf/lib/libdragon.a(interrupt.o)
                0x80028460                __TI_handler
 .text.__CART_handler
                0x800284e0      0x100 /n64_toolchain/lib/gcc/mips64-elf/14.2.0/../../../../mips64-elf/lib/libdragon.a(interrupt.o)
                0x800284e0                __CART_handler
 .text.__RESET_handler
                0x800285e0       0x60 /n64_toolchain/lib/gcc/mips64-elf/14.2.0/../../../../mips64-elf/lib/libdragon.a(interrupt.o)
                0x800285e0                __RESET_handler
 .text.register_AI_handler
                0x80028640       0x60 /n64_toolchain/lib/gcc/mips64-elf/14.2.0/../../../../mips64-elf/lib/libdragon.a(interrupt.o)
                0x80028640                register_AI_handler
 .text.register_VI_handler
                0x800286a0       0x60 /n64_toolchain/lib/gcc/mips64-elf/14.2.0/../../../../mips64-elf/lib/libdragon.a(interrupt.o)
                0x800286a0                register_VI_handler
 .text.register_DP_handler
                0x80028700       0x60 /n64_toolchain/lib/gcc/mips64-elf/14.2.0/../../../../mips64-elf/lib/libdragon.a(interrupt.o)
                0x80028700                register_DP_handler
 .text.register_SI_handler
                0x80028760       0x60 /n64_toolchain/lib/gcc/mips64-elf/14.2.0/../../../../mips64-elf/lib/libdragon.a(interrupt.o)
                0x80028760                register_SI_handler
 .text.register_SP_handler
                0x800287c0       0x60 /n64_toolchain/lib/gcc/mips64-elf/14.2.0/../../../../mips64-elf/lib/libdragon.a(interrupt.o)
                0x800287c0                register_SP_handler
 .text.register_TI_handler
                0x80028820       0x60 /n64_toolchain/lib/gcc/mips64-elf/14.2.0/../../../../mips64-elf/lib/libdragon.a(interrupt.o)
                0x80028820                register_TI_handler
 .text.register_RESET_handler
                0x80028880       0x80 /n64_toolchain/lib/gcc/mips64-elf/14.2.0/../../../../mips64-elf/lib/libdragon.a(interrupt.o)
                0x80028880                register_RESET_handler
 .text.set_AI_interrupt
                0x80028900       0x20 /n64_toolchain/lib/gcc/mips64-elf/14.2.0/../../../../mips64-elf/lib/libdragon.a(interrupt.o)
                0x80028900                set_AI_interrupt
 .text.set_VI_interrupt
                0x80028920       0x40 /n64_toolchain/lib/gcc/mips64-elf/14.2.0/../../../../mips64-elf/lib/libdragon.a(interrupt.o)
                0x80028920                set_VI_interrupt
 .text.set_DP_interrupt
                0x80028960       0x20 /n64_toolchain/lib/gcc/mips64-elf/14.2.0/../../../../mips64-elf/lib/libdragon.a(interrupt.o)
                0x80028960                set_DP_interrupt
 .text.set_SI_interrupt
                0x80028980       0x20 /n64_toolchain/lib/gcc/mips64-elf/14.2.0/../../../../mips64-elf/lib/libdragon.a(interrupt.o)
                0x80028980                set_SI_interrupt
 .text.set_SP_interrupt
                0x800289a0       0x20 /n64_toolchain/lib/gcc/mips64-elf/14.2.0/../../../../mips64-elf/lib/libdragon.a(interrupt.o)
                0x800289a0                set_SP_interrupt
 .text.set_TI_interrupt
                0x800289c0       0x40 /n64_toolchain/lib/gcc/mips64-elf/14.2.0/../../../../mips64-elf/lib/libdragon.a(interrupt.o)
                0x800289c0                set_TI_interrupt
 .text.startup.__init_interrupts
                0x80028a00       0x60 /n64_toolchain/lib/gcc/mips64-elf/14.2.0/../../../../mips64-elf/lib/libdragon.a(interrupt.o)
                0x80028a00                __init_interrupts
 .text.disable_interrupts
                0x80028a60       0x40 /n64_toolchain/lib/gcc/mips64-elf/14.2.0/../../../../mips64-elf/lib/libdragon.a(interrupt.o)
                0x80028a60                disable_interrupts
 .text.enable_interrupts
                0x80028aa0       0x80 /n64_toolchain/lib/gcc/mips64-elf/14.2.0/../../../../mips64-elf/lib/libdragon.a(interrupt.o)
                0x80028aa0                enable_interrupts
 .text.get_interrupts_state
                0x80028b20       0x20 /n64_toolchain/lib/gcc/mips64-elf/14.2.0/../../../../mips64-elf/lib/libdragon.a(interrupt.o)
                0x80028b20                get_interrupts_state
 .text.exception_reset_time
                0x80028b40       0x20 /n64_toolchain/lib/gcc/mips64-elf/14.2.0/../../../../mips64-elf/lib/libdragon.a(interrupt.o)
                0x80028b40                exception_reset_time
 .text.cb.0     0x80028b60       0x40 /n64_toolchain/lib/gcc/mips64-elf/14.2.0/../../../../mips64-elf/lib/libdragon.a(backtrace.o)
 .text.cb.1     0x80028ba0       0x40 /n64_toolchain/lib/gcc/mips64-elf/14.2.0/../../../../mips64-elf/lib/libdragon.a(backtrace.o)
 .text.symt_open
                0x80028be0      0x200 /n64_toolchain/lib/gcc/mips64-elf/14.2.0/../../../../mips64-elf/lib/libdragon.a(backtrace.o)
 .text.symt_addrtab_entry.isra.0
                0x80028de0       0x60 /n64_toolchain/lib/gcc/mips64-elf/14.2.0/../../../../mips64-elf/lib/libdragon.a(backtrace.o)
 .text.format_entry
                0x80028e40      0x2a0 /n64_toolchain/lib/gcc/mips64-elf/14.2.0/../../../../mips64-elf/lib/libdragon.a(backtrace.o)
 .text.symt_addrtab_search
                0x800290e0      0x160 /n64_toolchain/lib/gcc/mips64-elf/14.2.0/../../../../mips64-elf/lib/libdragon.a(backtrace.o)
 .text.__symbolize
                0x80029240      0x280 /n64_toolchain/lib/gcc/mips64-elf/14.2.0/../../../../mips64-elf/lib/libdragon.a(backtrace.o)
                0x80029240                __symbolize
 .text.__bt_analyze_func
                0x800294c0      0x1c0 /n64_toolchain/lib/gcc/mips64-elf/14.2.0/../../../../mips64-elf/lib/libdragon.a(backtrace.o)
                0x800294c0                __bt_analyze_func
 .text.backtrace_foreach.constprop.0
                0x80029680      0x360 /n64_toolchain/lib/gcc/mips64-elf/14.2.0/../../../../mips64-elf/lib/libdragon.a(backtrace.o)
 .text.backtrace
                0x800299e0       0xe0 /n64_toolchain/lib/gcc/mips64-elf/14.2.0/../../../../mips64-elf/lib/libdragon.a(backtrace.o)
                0x800299e0                backtrace
 .text.__backtrace_from
                0x80029ac0      0x100 /n64_toolchain/lib/gcc/mips64-elf/14.2.0/../../../../mips64-elf/lib/libdragon.a(backtrace.o)
                0x80029ac0                __backtrace_from
 .text.backtrace_symbols_cb
                0x80029bc0      0x320 /n64_toolchain/lib/gcc/mips64-elf/14.2.0/../../../../mips64-elf/lib/libdragon.a(backtrace.o)
                0x80029bc0                backtrace_symbols_cb
 .text.backtrace_frame_print
                0x80029ee0       0xa0 /n64_toolchain/lib/gcc/mips64-elf/14.2.0/../../../../mips64-elf/lib/libdragon.a(backtrace.o)
                0x80029ee0                backtrace_frame_print
 .text.backtrace_frame_print_compact
                0x80029f80      0x140 /n64_toolchain/lib/gcc/mips64-elf/14.2.0/../../../../mips64-elf/lib/libdragon.a(backtrace.o)
                0x80029f80                backtrace_frame_print_compact
 .text.rompak_search_ext
                0x8002a0c0      0x220 /n64_toolchain/lib/gcc/mips64-elf/14.2.0/../../../../mips64-elf/lib/libdragon.a(rompak.o)
                0x8002a0c0                rompak_search_ext
 .text.__vi_interrupt
                0x8002a2e0       0xa0 /n64_toolchain/lib/gcc/mips64-elf/14.2.0/../../../../mips64-elf/lib/libdragon.a(vi.o)
                0x8002a2e0                __vi_interrupt
 .text.__vblank_interrupt
                0x8002a380      0x200 /n64_toolchain/lib/gcc/mips64-elf/14.2.0/../../../../mips64-elf/lib/libdragon.a(vi.o)
 .text.__vi_validate_config
                0x8002a580      0x2c0 /n64_toolchain/lib/gcc/mips64-elf/14.2.0/../../../../mips64-elf/lib/libdragon.a(vi.o)
 .text.vi_write_idx_masked
                0x8002a840      0x140 /n64_toolchain/lib/gcc/mips64-elf/14.2.0/../../../../mips64-elf/lib/libdragon.a(vi.o)
 .text.vi_write_begin
                0x8002a980       0x20 /n64_toolchain/lib/gcc/mips64-elf/14.2.0/../../../../mips64-elf/lib/libdragon.a(vi.o)
                0x8002a980                vi_write_begin
 .text.vi_write_end
                0x8002a9a0       0xa0 /n64_toolchain/lib/gcc/mips64-elf/14.2.0/../../../../mips64-elf/lib/libdragon.a(vi.o)
                0x8002a9a0                vi_write_end
 .text.__set_output
                0x8002aa40       0x80 /n64_toolchain/lib/gcc/mips64-elf/14.2.0/../../../../mips64-elf/lib/libdragon.a(vi.o)
 .text.vi_write_end_forced
                0x8002aac0       0x80 /n64_toolchain/lib/gcc/mips64-elf/14.2.0/../../../../mips64-elf/lib/libdragon.a(vi.o)
                0x8002aac0                vi_write_end_forced
 .text.vi_write_masked
                0x8002ab40       0x20 /n64_toolchain/lib/gcc/mips64-elf/14.2.0/../../../../mips64-elf/lib/libdragon.a(vi.o)
                0x8002ab40                vi_write_masked
 .text.vi_set_origin
                0x8002ab60      0x140 /n64_toolchain/lib/gcc/mips64-elf/14.2.0/../../../../mips64-elf/lib/libdragon.a(vi.o)
                0x8002ab60                vi_set_origin
 .text.vi_show  0x8002aca0      0x280 /n64_toolchain/lib/gcc/mips64-elf/14.2.0/../../../../mips64-elf/lib/libdragon.a(vi.o)
                0x8002aca0                vi_show
 .text.vi_set_interlaced
                0x8002af20       0x60 /n64_toolchain/lib/gcc/mips64-elf/14.2.0/../../../../mips64-elf/lib/libdragon.a(vi.o)
                0x8002af20                vi_set_interlaced
 .text.vi_set_aa_mode
                0x8002af80       0x20 /n64_toolchain/lib/gcc/mips64-elf/14.2.0/../../../../mips64-elf/lib/libdragon.a(vi.o)
                0x8002af80                vi_set_aa_mode
 .text.vi_set_divot
                0x8002afa0       0x20 /n64_toolchain/lib/gcc/mips64-elf/14.2.0/../../../../mips64-elf/lib/libdragon.a(vi.o)
                0x8002afa0                vi_set_divot
 .text.vi_set_dedither
                0x8002afc0       0x20 /n64_toolchain/lib/gcc/mips64-elf/14.2.0/../../../../mips64-elf/lib/libdragon.a(vi.o)
                0x8002afc0                vi_set_dedither
 .text.vi_set_gamma
                0x8002afe0       0x20 /n64_toolchain/lib/gcc/mips64-elf/14.2.0/../../../../mips64-elf/lib/libdragon.a(vi.o)
                0x8002afe0                vi_set_gamma
 .text.vi_set_output
                0x8002b000      0x100 /n64_toolchain/lib/gcc/mips64-elf/14.2.0/../../../../mips64-elf/lib/libdragon.a(vi.o)
                0x8002b000                vi_set_output
 .text.vi_set_borders
                0x8002b100       0x60 /n64_toolchain/lib/gcc/mips64-elf/14.2.0/../../../../mips64-elf/lib/libdragon.a(vi.o)
                0x8002b100                vi_set_borders
 .text.vi_calc_borders
                0x8002b160      0x120 /n64_toolchain/lib/gcc/mips64-elf/14.2.0/../../../../mips64-elf/lib/libdragon.a(vi.o)
                0x8002b160                vi_calc_borders
 .text.vi_wait_vblank
                0x8002b280       0xc0 /n64_toolchain/lib/gcc/mips64-elf/14.2.0/../../../../mips64-elf/lib/libdragon.a(vi.o)
                0x8002b280                vi_wait_vblank
 .text.vi_install_vblank_handler
                0x8002b340       0x80 /n64_toolchain/lib/gcc/mips64-elf/14.2.0/../../../../mips64-elf/lib/libdragon.a(vi.o)
                0x8002b340                vi_install_vblank_handler
 .text.vi_uninstall_vblank_handler
                0x8002b3c0       0xa0 /n64_toolchain/lib/gcc/mips64-elf/14.2.0/../../../../mips64-elf/lib/libdragon.a(vi.o)
                0x8002b3c0                vi_uninstall_vblank_handler
 .text.vi_reset
                0x8002b460       0xe0 /n64_toolchain/lib/gcc/mips64-elf/14.2.0/../../../../mips64-elf/lib/libdragon.a(vi.o)
                0x8002b460                vi_reset
 .text.vi_init  0x8002b540      0x100 /n64_toolchain/lib/gcc/mips64-elf/14.2.0/../../../../mips64-elf/lib/libdragon.a(vi.o)
                0x8002b540                vi_init
 .text.timer_update_compare
                0x8002b640       0x40 /n64_toolchain/lib/gcc/mips64-elf/14.2.0/../../../../mips64-elf/lib/libdragon.a(timer.o)
 .text.timer_poll
                0x8002b680      0x1a0 /n64_toolchain/lib/gcc/mips64-elf/14.2.0/../../../../mips64-elf/lib/libdragon.a(timer.o)
 .text.timer_init
                0x8002b820       0x60 /n64_toolchain/lib/gcc/mips64-elf/14.2.0/../../../../mips64-elf/lib/libdragon.a(timer.o)
                0x8002b820                timer_init
 .text.new_timer_context
                0x8002b880      0x100 /n64_toolchain/lib/gcc/mips64-elf/14.2.0/../../../../mips64-elf/lib/libdragon.a(timer.o)
                0x8002b880                new_timer_context
 .text.restart_timer
                0x8002b980       0x80 /n64_toolchain/lib/gcc/mips64-elf/14.2.0/../../../../mips64-elf/lib/libdragon.a(timer.o)
                0x8002b980                restart_timer
 .text.stop_timer
                0x8002ba00       0xe0 /n64_toolchain/lib/gcc/mips64-elf/14.2.0/../../../../mips64-elf/lib/libdragon.a(timer.o)
                0x8002ba00                stop_timer
 .text.joybus_accessory_calculate_addr_checksum
                0x8002bae0       0x60 /n64_toolchain/lib/gcc/mips64-elf/14.2.0/../../../../mips64-elf/lib/libdragon.a(joybus_accessory.o)
                0x8002bae0                joybus_accessory_calculate_addr_checksum
 .text.joybus_accessory_calculate_data_crc
                0x8002bb40       0xa0 /n64_toolchain/lib/gcc/mips64-elf/14.2.0/../../../../mips64-elf/lib/libdragon.a(joybus_accessory.o)
                0x8002bb40                joybus_accessory_calculate_data_crc
 .text.joybus_accessory_compare_data_crc
                0x8002bbe0       0x60 /n64_toolchain/lib/gcc/mips64-elf/14.2.0/../../../../mips64-elf/lib/libdragon.a(joybus_accessory.o)
                0x8002bbe0                joybus_accessory_compare_data_crc
 .text.joybus_accessory_read_async
                0x8002bc40       0xe0 /n64_toolchain/lib/gcc/mips64-elf/14.2.0/../../../../mips64-elf/lib/libdragon.a(joybus_accessory.o)
                0x8002bc40                joybus_accessory_read_async
 .text.joybus_accessory_write_async
                0x8002bd20      0x120 /n64_toolchain/lib/gcc/mips64-elf/14.2.0/../../../../mips64-elf/lib/libdragon.a(joybus_accessory.o)
                0x8002bd20                joybus_accessory_write_async
 .text.callback.0
                0x8002be40       0x80 /n64_toolchain/lib/gcc/mips64-elf/14.2.0/../../../../mips64-elf/lib/libdragon.a(joybus.o)
 .text.joybus_msg_send
                0x8002bec0       0x80 /n64_toolchain/lib/gcc/mips64-elf/14.2.0/../../../../mips64-elf/lib/libdragon.a(joybus.o)
 .text.si_interrupt
                0x8002bf40      0x1a0 /n64_toolchain/lib/gcc/mips64-elf/14.2.0/../../../../mips64-elf/lib/libdragon.a(joybus.o)
 .text.startup.__joybus_init
                0x8002c0e0       0x60 /n64_toolchain/lib/gcc/mips64-elf/14.2.0/../../../../mips64-elf/lib/libdragon.a(joybus.o)
                0x8002c0e0                __joybus_init
 .text.joybus_exec_async
                0x8002c140      0x1a0 /n64_toolchain/lib/gcc/mips64-elf/14.2.0/../../../../mips64-elf/lib/libdragon.a(joybus.o)
                0x8002c140                joybus_exec_async
 .text.joybus_exec
                0x8002c2e0      0x160 /n64_toolchain/lib/gcc/mips64-elf/14.2.0/../../../../mips64-elf/lib/libdragon.a(joybus.o)
                0x8002c2e0                joybus_exec
 .text.joypad_transfer_pak_wait_timer_callback
                0x8002c440      0x140 /n64_toolchain/lib/gcc/mips64-elf/14.2.0/../../../../mips64-elf/lib/libdragon.a(joypad_accessory.o)
 .text.joypad_accessory_check_read_crc_error
                0x8002c580      0x1c0 /n64_toolchain/lib/gcc/mips64-elf/14.2.0/../../../../mips64-elf/lib/libdragon.a(joypad_accessory.o)
 .text.joypad_transfer_pak_enable_read_callback
                0x8002c740       0xc0 /n64_toolchain/lib/gcc/mips64-elf/14.2.0/../../../../mips64-elf/lib/libdragon.a(joypad_accessory.o)
 .text.joypad_accessory_check_write_crc_error
                0x8002c800      0x1c0 /n64_toolchain/lib/gcc/mips64-elf/14.2.0/../../../../mips64-elf/lib/libdragon.a(joypad_accessory.o)
 .text.joypad_accessory_detect_write_callback
                0x8002c9c0      0x360 /n64_toolchain/lib/gcc/mips64-elf/14.2.0/../../../../mips64-elf/lib/libdragon.a(joypad_accessory.o)
 .text.joypad_transfer_pak_enable_write_callback
                0x8002cd20      0x180 /n64_toolchain/lib/gcc/mips64-elf/14.2.0/../../../../mips64-elf/lib/libdragon.a(joypad_accessory.o)
 .text.joypad_accessory_detect_read_callback
                0x8002cea0      0x4e0 /n64_toolchain/lib/gcc/mips64-elf/14.2.0/../../../../mips64-elf/lib/libdragon.a(joypad_accessory.o)
 .text.joypad_accessory_reset
                0x8002d380      0x140 /n64_toolchain/lib/gcc/mips64-elf/14.2.0/../../../../mips64-elf/lib/libdragon.a(joypad_accessory.o)
                0x8002d380                joypad_accessory_reset
 .text.joypad_transfer_pak_wait_timer_init
                0x8002d4c0       0xe0 /n64_toolchain/lib/gcc/mips64-elf/14.2.0/../../../../mips64-elf/lib/libdragon.a(joypad_accessory.o)
                0x8002d4c0                joypad_transfer_pak_wait_timer_init
 .text.joypad_accessory_detect_async
                0x8002d5a0      0x140 /n64_toolchain/lib/gcc/mips64-elf/14.2.0/../../../../mips64-elf/lib/libdragon.a(joypad_accessory.o)
                0x8002d5a0                joypad_accessory_detect_async
 .text.sprite_upload_palette
                0x8002d6e0       0xe0 /n64_toolchain/lib/gcc/mips64-elf/14.2.0/../../../../mips64-elf/lib/libdragon.a(rdpq_sprite.o)
 .text.__rdpq_sprite_upload
                0x8002d7c0      0x540 /n64_toolchain/lib/gcc/mips64-elf/14.2.0/../../../../mips64-elf/lib/libdragon.a(rdpq_sprite.o)
                0x8002d7c0                __rdpq_sprite_upload
 .text.rdpq_sprite_upload
                0x8002dd00       0x20 /n64_toolchain/lib/gcc/mips64-elf/14.2.0/../../../../mips64-elf/lib/libdragon.a(rdpq_sprite.o)
                0x8002dd00                rdpq_sprite_upload
 .text.texload_recalc_tileparms
                0x8002dd20      0x400 /n64_toolchain/lib/gcc/mips64-elf/14.2.0/../../../../mips64-elf/lib/libdragon.a(rdpq_tex.o)
 .text.texload_set_rect
                0x8002e120      0x240 /n64_toolchain/lib/gcc/mips64-elf/14.2.0/../../../../mips64-elf/lib/libdragon.a(rdpq_tex.o)
 .text.rdpq_load_block.part.0
                0x8002e360       0x40 /n64_toolchain/lib/gcc/mips64-elf/14.2.0/../../../../mips64-elf/lib/libdragon.a(rdpq_tex.o)
 .text.texload_tile
                0x8002e3a0      0x260 /n64_toolchain/lib/gcc/mips64-elf/14.2.0/../../../../mips64-elf/lib/libdragon.a(rdpq_tex.o)
 .text.texload_tile_4bpp
                0x8002e600      0x380 /n64_toolchain/lib/gcc/mips64-elf/14.2.0/../../../../mips64-elf/lib/libdragon.a(rdpq_tex.o)
 .text.texload_block_4bpp
                0x8002e980      0x460 /n64_toolchain/lib/gcc/mips64-elf/14.2.0/../../../../mips64-elf/lib/libdragon.a(rdpq_tex.o)
 .text.texload_block_8bpp
                0x8002ede0      0x400 /n64_toolchain/lib/gcc/mips64-elf/14.2.0/../../../../mips64-elf/lib/libdragon.a(rdpq_tex.o)
 .text.texload_block
                0x8002f1e0      0x400 /n64_toolchain/lib/gcc/mips64-elf/14.2.0/../../../../mips64-elf/lib/libdragon.a(rdpq_tex.o)
 .text.tex_loader_load
                0x8002f5e0      0x120 /n64_toolchain/lib/gcc/mips64-elf/14.2.0/../../../../mips64-elf/lib/libdragon.a(rdpq_tex.o)
                0x8002f5e0                tex_loader_load
 .text.rdpq_tex_upload_sub
                0x8002f700      0x240 /n64_toolchain/lib/gcc/mips64-elf/14.2.0/../../../../mips64-elf/lib/libdragon.a(rdpq_tex.o)
                0x8002f700                rdpq_tex_upload_sub
 .text.rdpq_tex_upload
                0x8002f940       0x40 /n64_toolchain/lib/gcc/mips64-elf/14.2.0/../../../../mips64-elf/lib/libdragon.a(rdpq_tex.o)
                0x8002f940                rdpq_tex_upload
 .text.rdpq_tex_reuse_sub
                0x8002f980      0x520 /n64_toolchain/lib/gcc/mips64-elf/14.2.0/../../../../mips64-elf/lib/libdragon.a(rdpq_tex.o)
                0x8002f980                rdpq_tex_reuse_sub
 .text.rdpq_tex_reuse
                0x8002fea0       0x40 /n64_toolchain/lib/gcc/mips64-elf/14.2.0/../../../../mips64-elf/lib/libdragon.a(rdpq_tex.o)
                0x8002fea0                rdpq_tex_reuse
 .text.rdpq_tex_upload_tlut
                0x8002fee0      0x140 /n64_toolchain/lib/gcc/mips64-elf/14.2.0/../../../../mips64-elf/lib/libdragon.a(rdpq_tex.o)
                0x8002fee0                rdpq_tex_upload_tlut
 .text.rdpq_tex_multi_begin
                0x80030020       0x60 /n64_toolchain/lib/gcc/mips64-elf/14.2.0/../../../../mips64-elf/lib/libdragon.a(rdpq_tex.o)
                0x80030020                rdpq_tex_multi_begin
 .text.rdpq_tex_multi_end
                0x80030080       0x60 /n64_toolchain/lib/gcc/mips64-elf/14.2.0/../../../../mips64-elf/lib/libdragon.a(rdpq_tex.o)
                0x80030080                rdpq_tex_multi_end
 .text.attach_filesystem
                0x800300e0      0x200 /n64_toolchain/lib/gcc/mips64-elf/14.2.0/../../../../mips64-elf/lib/libdragonsys.a(system.o)
                0x800300e0                attach_filesystem
 .text.close    0x800302e0       0xe0 /n64_toolchain/lib/gcc/mips64-elf/14.2.0/../../../../mips64-elf/lib/libdragonsys.a(system.o)
                0x800302e0                close
 .text._exit    0x800303c0       0x20 /n64_toolchain/lib/gcc/mips64-elf/14.2.0/../../../../mips64-elf/lib/libdragonsys.a(system.o)
                0x800303c0                _exit
 .text.fstat    0x800303e0      0x100 /n64_toolchain/lib/gcc/mips64-elf/14.2.0/../../../../mips64-elf/lib/libdragonsys.a(system.o)
                0x800303e0                fstat
 .text.getpid   0x800304e0       0x40 /n64_toolchain/lib/gcc/mips64-elf/14.2.0/../../../../mips64-elf/lib/libdragonsys.a(system.o)
                0x800304e0                getpid
 .text.isatty   0x80030520       0x40 /n64_toolchain/lib/gcc/mips64-elf/14.2.0/../../../../mips64-elf/lib/libdragonsys.a(system.o)